Component: ARM Compiler 5.06 update 7 (build 960) Tool: armlink [4d3601]

==============================================================================

Section Cross References

    startup_stm32g030xx.o(RESET) refers to startup_stm32g030xx.o(STACK) for __initial_sp
    startup_stm32g030xx.o(RESET) refers to startup_stm32g030xx.o(.text) for Reset_Handler
    startup_stm32g030xx.o(RESET) refers to stm32g0xx_it.o(i.NMI_Handler) for NMI_Handler
    startup_stm32g030xx.o(RESET) refers to stm32g0xx_it.o(i.HardFault_Handler) for HardFault_Handler
    startup_stm32g030xx.o(RESET) refers to stm32g0xx_it.o(i.SVC_Handler) for SVC_Handler
    startup_stm32g030xx.o(RESET) refers to stm32g0xx_it.o(i.PendSV_Handler) for PendSV_Handler
    startup_stm32g030xx.o(RESET) refers to stm32g0xx_it.o(i.SysTick_Handler) for SysTick_Handler
    startup_stm32g030xx.o(RESET) refers to stm32g0xx_it.o(i.DMA1_Channel1_IRQHandler) for DMA1_Channel1_IRQHandler
    startup_stm32g030xx.o(RESET) refers to stm32g0xx_it.o(i.DMA1_Channel2_3_IRQHandler) for DMA1_Channel2_3_IRQHandler
    startup_stm32g030xx.o(RESET) refers to stm32g0xx_it.o(i.ADC1_IRQHandler) for ADC1_IRQHandler
    startup_stm32g030xx.o(RESET) refers to stm32g0xx_it.o(i.TIM1_BRK_UP_TRG_COM_IRQHandler) for TIM1_BRK_UP_TRG_COM_IRQHandler
    startup_stm32g030xx.o(RESET) refers to stm32g0xx_it.o(i.TIM1_CC_IRQHandler) for TIM1_CC_IRQHandler
    startup_stm32g030xx.o(RESET) refers to stm32g0xx_it.o(i.TIM3_IRQHandler) for TIM3_IRQHandler
    startup_stm32g030xx.o(.text) refers to system_stm32g0xx.o(i.SystemInit) for SystemInit
    startup_stm32g030xx.o(.text) refers to entry.o(.ARM.Collect$$$$00000000) for __main
    main.o(i.SystemClock_Config) refers to memseta.o(.text) for __aeabi_memclr4
    main.o(i.SystemClock_Config) refers to stm32g0xx_hal_pwr_ex.o(i.HAL_PWREx_ControlVoltageScaling) for HAL_PWREx_ControlVoltageScaling
    main.o(i.SystemClock_Config) refers to stm32g0xx_hal_rcc.o(i.HAL_RCC_OscConfig) for HAL_RCC_OscConfig
    main.o(i.SystemClock_Config) refers to main.o(i.Error_Handler) for Error_Handler
    main.o(i.SystemClock_Config) refers to stm32g0xx_hal_rcc.o(i.HAL_RCC_ClockConfig) for HAL_RCC_ClockConfig
    main.o(i.fputc) refers to stm32g0xx_hal_uart.o(i.HAL_UART_Transmit) for HAL_UART_Transmit
    main.o(i.fputc) refers to usart.o(.bss) for huart1
    main.o(i.main) refers to stm32g0xx_hal.o(i.HAL_Init) for HAL_Init
    main.o(i.main) refers to main.o(i.SystemClock_Config) for SystemClock_Config
    main.o(i.main) refers to gpio.o(i.MX_GPIO_Init) for MX_GPIO_Init
    main.o(i.main) refers to dma.o(i.MX_DMA_Init) for MX_DMA_Init
    main.o(i.main) refers to adc.o(i.MX_ADC1_Init) for MX_ADC1_Init
    main.o(i.main) refers to usart.o(i.MX_USART2_UART_Init) for MX_USART2_UART_Init
    main.o(i.main) refers to i2c.o(i.MX_I2C2_Init) for MX_I2C2_Init
    main.o(i.main) refers to usart.o(i.MX_USART1_UART_Init) for MX_USART1_UART_Init
    main.o(i.main) refers to tim.o(i.MX_TIM1_Init) for MX_TIM1_Init
    main.o(i.main) refers to tim.o(i.MX_TIM3_Init) for MX_TIM3_Init
    main.o(i.main) refers to printfa.o(i.__0printf) for __2printf
    main.o(i.main) refers to smu.o(i.InitSMU) for InitSMU
    main.o(i.main) refers to smu.o(i.SMU_OPEN_CALC) for SMU_OPEN_CALC
    main.o(i.main) refers to f2d.o(.text) for __aeabi_f2d
    main.o(i.main) refers to cdcmple.o(.text) for __aeabi_cdcmpeq
    main.o(i.main) refers to adc.o(.data) for NewADC
    adc.o(i.HAL_ADC_ConvCpltCallback) refers to adc.o(.data) for NewADC
    adc.o(i.HAL_ADC_MspDeInit) refers to stm32g0xx_hal_gpio.o(i.HAL_GPIO_DeInit) for HAL_GPIO_DeInit
    adc.o(i.HAL_ADC_MspDeInit) refers to stm32g0xx_hal_dma.o(i.HAL_DMA_DeInit) for HAL_DMA_DeInit
    adc.o(i.HAL_ADC_MspDeInit) refers to stm32g0xx_hal_cortex.o(i.HAL_NVIC_DisableIRQ) for HAL_NVIC_DisableIRQ
    adc.o(i.HAL_ADC_MspInit) refers to memseta.o(.text) for __aeabi_memclr4
    adc.o(i.HAL_ADC_MspInit) refers to stm32g0xx_hal_rcc_ex.o(i.HAL_RCCEx_PeriphCLKConfig) for HAL_RCCEx_PeriphCLKConfig
    adc.o(i.HAL_ADC_MspInit) refers to main.o(i.Error_Handler) for Error_Handler
    adc.o(i.HAL_ADC_MspInit) refers to stm32g0xx_hal_gpio.o(i.HAL_GPIO_Init) for HAL_GPIO_Init
    adc.o(i.HAL_ADC_MspInit) refers to stm32g0xx_hal_dma.o(i.HAL_DMA_Init) for HAL_DMA_Init
    adc.o(i.HAL_ADC_MspInit) refers to stm32g0xx_hal_cortex.o(i.HAL_NVIC_SetPriority) for HAL_NVIC_SetPriority
    adc.o(i.HAL_ADC_MspInit) refers to stm32g0xx_hal_cortex.o(i.HAL_NVIC_EnableIRQ) for HAL_NVIC_EnableIRQ
    adc.o(i.HAL_ADC_MspInit) refers to adc.o(.bss) for hdma_adc1
    adc.o(i.MX_ADC1_Init) refers to stm32g0xx_hal_adc.o(i.HAL_ADC_Init) for HAL_ADC_Init
    adc.o(i.MX_ADC1_Init) refers to main.o(i.Error_Handler) for Error_Handler
    adc.o(i.MX_ADC1_Init) refers to stm32g0xx_hal_adc.o(i.HAL_ADC_ConfigChannel) for HAL_ADC_ConfigChannel
    adc.o(i.MX_ADC1_Init) refers to adc.o(.bss) for hadc1
    dma.o(i.MX_DMA_Init) refers to stm32g0xx_hal_cortex.o(i.HAL_NVIC_SetPriority) for HAL_NVIC_SetPriority
[...]
    Removing stm32g0xx_hal_uart.o(i.UART_DMAAbortOnError), (24 bytes).
    Removing stm32g0xx_hal_uart.o(i.UART_DMAError), (90 bytes).
    Removing stm32g0xx_hal_uart.o(i.UART_DMAReceiveCplt), (204 bytes).
    Removing stm32g0xx_hal_uart.o(i.UART_DMARxAbortCallback), (86 bytes).
    Removing stm32g0xx_hal_uart.o(i.UART_DMARxHalfCplt), (38 bytes).
    Removing stm32g0xx_hal_uart.o(i.UART_DMARxOnlyAbortCallback), (48 bytes).
    Removing stm32g0xx_hal_uart.o(i.UART_DMATransmitCplt), (100 bytes).
    Removing stm32g0xx_hal_uart.o(i.UART_DMATxAbortCallback), (98 bytes).
    Removing stm32g0xx_hal_uart.o(i.UART_DMATxHalfCplt), (14 bytes).
    Removing stm32g0xx_hal_uart.o(i.UART_DMATxOnlyAbortCallback), (48 bytes).
    Removing stm32g0xx_hal_uart.o(i.UART_EndTransmit_IT), (56 bytes).
    Removing stm32g0xx_hal_uart.o(i.UART_EndTxTransfer), (82 bytes).
    Removing stm32g0xx_hal_uart.o(i.UART_RxISR_16BIT), (284 bytes).
    Removing stm32g0xx_hal_uart.o(i.UART_RxISR_16BIT_FIFOEN), (576 bytes).
    Removing stm32g0xx_hal_uart.o(i.UART_RxISR_8BIT), (284 bytes).
    Removing stm32g0xx_hal_uart.o(i.UART_RxISR_8BIT_FIFOEN), (576 bytes).
    Removing stm32g0xx_hal_uart.o(i.UART_Start_Receive_DMA), (232 bytes).
    Removing stm32g0xx_hal_uart.o(i.UART_Start_Receive_IT), (416 bytes).
    Removing stm32g0xx_hal_uart.o(i.UART_TxISR_16BIT), (120 bytes).
    Removing stm32g0xx_hal_uart.o(i.UART_TxISR_16BIT_FIFOEN), (152 bytes).
    Removing stm32g0xx_hal_uart.o(i.UART_TxISR_8BIT), (116 bytes).
    Removing stm32g0xx_hal_uart.o(i.UART_TxISR_8BIT_FIFOEN), (148 bytes).
    Removing stm32g0xx_hal_uart_ex.o(.rev16_text), (4 bytes).
    Removing stm32g0xx_hal_uart_ex.o(.revsh_text), (4 bytes).
    Removing stm32g0xx_hal_uart_ex.o(i.HAL_MultiProcessorEx_AddressLength_Set), (66 bytes).
    Removing stm32g0xx_hal_uart_ex.o(i.HAL_RS485Ex_Init), (160 bytes).
    Removing stm32g0xx_hal_uart_ex.o(i.HAL_UARTEx_DisableStopMode), (74 bytes).
    Removing stm32g0xx_hal_uart_ex.o(i.HAL_UARTEx_EnableFifoMode), (86 bytes).
    Removing stm32g0xx_hal_uart_ex.o(i.HAL_UARTEx_EnableStopMode), (74 bytes).
    Removing stm32g0xx_hal_uart_ex.o(i.HAL_UARTEx_GetRxEventType), (6 bytes).
    Removing stm32g0xx_hal_uart_ex.o(i.HAL_UARTEx_ReceiveToIdle), (424 bytes).
    Removing stm32g0xx_hal_uart_ex.o(i.HAL_UARTEx_ReceiveToIdle_DMA), (136 bytes).
    Removing stm32g0xx_hal_uart_ex.o(i.HAL_UARTEx_ReceiveToIdle_IT), (132 bytes).
    Removing stm32g0xx_hal_uart_ex.o(i.HAL_UARTEx_RxFifoFullCallback), (2 bytes).
    Removing stm32g0xx_hal_uart_ex.o(i.HAL_UARTEx_StopModeWakeUpSourceConfig), (152 bytes).
    Removing stm32g0xx_hal_uart_ex.o(i.HAL_UARTEx_TxFifoEmptyCallback), (2 bytes).
    Removing stm32g0xx_hal_uart_ex.o(i.HAL_UARTEx_WakeupCallback), (2 bytes).
    Removing stm32g0xx_hal_uart_ex.o(i.UARTEx_Wakeup_AddressConfig), (42 bytes).
    Removing stm32g0xx_hal_uart_ex.o(i.__get_PRIMASK), (6 bytes).
    Removing stm32g0xx_hal_uart_ex.o(i.__set_PRIMASK), (6 bytes).
    Removing system_stm32g0xx.o(.rev16_text), (4 bytes).
    Removing system_stm32g0xx.o(.revsh_text), (4 bytes).
    Removing system_stm32g0xx.o(i.SystemCoreClockUpdate), (236 bytes).
    Removing smu.o(.rev16_text), (4 bytes).
    Removing smu.o(.revsh_text), (4 bytes).
    Removing smu.o(.constdata), (5 bytes).
    Removing stm32g0xx_hal_dma.o(i.__ARM_common_switch8), (28 bytes).

571 unused section(s) (total 64458 bytes) removed from the image.

==============================================================================

Image Symbol Table

    Local Symbols

    Symbol Name                              Value     Ov Type        Size  Object(Section)

    ../Core/Src/adc.c                        0x00000000   Number         0  adc.o ABSOLUTE
    ../Core/Src/dma.c                        0x00000000   Number         0  dma.o ABSOLUTE
    ../Core/Src/gpio.c                       0x00000000   Number         0  gpio.o ABSOLUTE
    ../Core/Src/i2c.c                        0x00000000   Number         0  i2c.o ABSOLUTE
    ../Core/Src/main.c                       0x00000000   Number         0  main.o ABSOLUTE
    ../Core/Src/stm32g0xx_hal_msp.c          0x00000000   Number         0  stm32g0xx_hal_msp.o ABSOLUTE
    ../Core/Src/stm32g0xx_it.c               0x00000000   Number         0  stm32g0xx_it.o ABSOLUTE
    ../Core/Src/system_stm32g0xx.c           0x00000000   Number         0  system_stm32g0xx.o ABSOLUTE
    ../Core/Src/tim.c                        0x00000000   Number         0  tim.o ABSOLUTE
    ../Core/Src/usart.c                      0x00000000   Number         0  usart.o ABSOLUTE
    ../Drivers/STM32G0xx_HAL_Driver/Src/stm32g0xx_hal.c 0x00000000   Number         0  stm32g0xx_hal.o ABSOLUTE
    ../Drivers/STM32G0xx_HAL_Driver/Src/stm32g0xx_hal_adc.c 0x00000000   Number         0  stm32g0xx_hal_adc.o ABSOLUTE
    ../Drivers/STM32G0xx_HAL_Driver/Src/stm32g0xx_hal_adc_ex.c 0x00000000   Number         0  stm32g0xx_hal_adc_ex.o ABSOLUTE
    ../Drivers/STM32G0xx_HAL_Driver/Src/stm32g0xx_hal_cortex.c 0x00000000   Number         0  stm32g0xx_hal_cortex.o ABSOLUTE
    ../Drivers/STM32G0xx_HAL_Driver/Src/stm32g0xx_hal_dma.c 0x00000000   Number         0  stm32g0xx_hal_dma.o ABSOLUTE
    ../Drivers/STM32G0xx_HAL_Driver/Src/stm32g0xx_hal_dma_ex.c 0x00000000   Number         0  stm32g0xx_hal_dma_ex.o ABSOLUTE
    ../Drivers/STM32G0xx_HAL_Driver/Src/stm32g0xx_hal_exti.c 0x00000000   Number         0  stm32g0xx_hal_exti.o ABSOLUTE
    ../Drivers/STM32G0xx_HAL_Driver/Src/stm32g0xx_hal_flash.c 0x00000000   Number         0  stm32g0xx_hal_flash.o ABSOLUTE
    ../Drivers/STM32G0xx_HAL_Driver/Src/stm32g0xx_hal_flash_ex.c 0x00000000   Number         0  stm32g0xx_hal_flash_ex.o ABSOLUTE
    ../Drivers/STM32G0xx_HAL_Driver/Src/stm32g0xx_hal_gpio.c 0x00000000   Number         0  stm32g0xx_hal_gpio.o ABSOLUTE
    ../Drivers/STM32G0xx_HAL_Driver/Src/stm32g0xx_hal_i2c.c 0x00000000   Number         0  stm32g0xx_hal_i2c.o ABSOLUTE
    ../Drivers/STM32G0xx_HAL_Driver/Src/stm32g0xx_hal_i2c_ex.c 0x00000000   Number         0  stm32g0xx_hal_i2c_ex.o ABSOLUTE
    ../Drivers/STM32G0xx_HAL_Driver/Src/stm32g0xx_hal_pwr.c 0x00000000   Number         0  stm32g0xx_hal_pwr.o ABSOLUTE
    ../Drivers/STM32G0xx_HAL_Driver/Src/stm32g0xx_hal_pwr_ex.c 0x00000000   Number         0  stm32g0xx_hal_pwr_ex.o ABSOLUTE
    ../Drivers/STM32G0xx_HAL_Driver/Src/stm32g0xx_hal_rcc.c 0x00000000   Number         0  stm32g0xx_hal_rcc.o ABSOLUTE
    ../Drivers/STM32G0xx_HAL_Driver/Src/stm32g0xx_hal_rcc_ex.c 0x00000000   Number         0  stm32g0xx_hal_rcc_ex.o ABSOLUTE
    ../Drivers/STM32G0xx_HAL_Driver/Src/stm32g0xx_hal_tim.c 0x00000000   Number         0  stm32g0xx_hal_tim.o ABSOLUTE
    ../Drivers/STM32G0xx_HAL_Driver/Src/stm32g0xx_hal_tim_ex.c 0x00000000   Number         0  stm32g0xx_hal_tim_ex.o ABSOLUTE
    ../Drivers/STM32G0xx_HAL_Driver/Src/stm32g0xx_hal_uart.c 0x00000000   Number         0  stm32g0xx_hal_uart.o ABSOLUTE
    ../Drivers/STM32G0xx_HAL_Driver/Src/stm32g0xx_hal_uart_ex.c 0x00000000   Number         0  stm32g0xx_hal_uart_ex.o ABSOLUTE
    ../Drivers/STM32G0xx_HAL_Driver/Src/stm32g0xx_ll_adc.c 0x00000000   Number         0  stm32g0xx_ll_adc.o ABSOLUTE
    ../Drivers/STM32G0xx_HAL_Driver/Src/stm32g0xx_ll_dma.c 0x00000000   Number         0  stm32g0xx_ll_dma.o ABSOLUTE
    ../Drivers/STM32G0xx_HAL_Driver/Src/stm32g0xx_ll_rcc.c 0x00000000   Number         0  stm32g0xx_ll_rcc.o ABSOLUTE
    ../clib/microlib/division.c              0x00000000   Number         0  uidiv.o ABSOLUTE
    ../clib/microlib/division.c              0x00000000   Number         0  idiv.o ABSOLUTE
    ../clib/microlib/division.c              0x00000000   Number         0  uldiv.o ABSOLUTE
    ../clib/microlib/init/entry.s            0x00000000   Number         0  entry9b.o ABSOLUTE
    ../clib/microlib/init/entry.s            0x00000000   Number         0  entry9a.o ABSOLUTE
    ../clib/microlib/init/entry.s            0x00000000   Number         0  entry8a.o ABSOLUTE
    ../clib/microlib/init/entry.s            0x00000000   Number         0  entry7b.o ABSOLUTE
    ../clib/microlib/init/entry.s            0x00000000   Number         0  entry7a.o ABSOLUTE
    ../clib/microlib/init/entry.s            0x00000000   Number         0  entry5.o ABSOLUTE
    ../clib/microlib/init/entry.s            0x00000000   Number         0  entry2.o ABSOLUTE
    ../clib/microlib/init/entry.s            0x00000000   Number         0  entry.o ABSOLUTE
    ../clib/microlib/init/entry.s            0x00000000   Number         0  entry8b.o ABSOLUTE
    ../clib/microlib/init/entry.s            0x00000000   Number         0  entry12b.o ABSOLUTE
    ../clib/microlib/init/entry.s            0x00000000   Number         0  entry12a.o ABSOLUTE
    ../clib/microlib/init/entry.s            0x00000000   Number         0  entry11b.o ABSOLUTE
    ../clib/microlib/init/entry.s            0x00000000   Number         0  entry11a.o ABSOLUTE
    ../clib/microlib/init/entry.s            0x00000000   Number         0  entry10b.o ABSOLUTE
    ../clib/microlib/init/entry.s            0x00000000   Number         0  entry10a.o ABSOLUTE
    ../clib/microlib/longlong.c              0x00000000   Number         0  llushr.o ABSOLUTE
    ../clib/microlib/longlong.c              0x00000000   Number         0  llshl.o ABSOLUTE
    ../clib/microlib/longlong.c              0x00000000   Number         0  llsshr.o ABSOLUTE
    ../clib/microlib/printf/printf.c         0x00000000   Number         0  printf4.o ABSOLUTE
    ../clib/microlib/printf/printf.c         0x00000000   Number         0  printf7.o ABSOLUTE
    ../clib/microlib/printf/printf.c         0x00000000   Number         0  printf6.o ABSOLUTE
    ../clib/microlib/printf/printf.c         0x00000000   Number         0  printf2.o ABSOLUTE
    ../clib/microlib/printf/printf.c         0x00000000   Number         0  printf5.o ABSOLUTE
    ../clib/microlib/printf/printf.c         0x00000000   Number         0  printf3.o ABSOLUTE
    ../clib/microlib/printf/printf.c         0x00000000   Number         0  printf1.o ABSOLUTE
    ../clib/microlib/printf/printf.c         0x00000000   Number         0  printf8.o ABSOLUTE
    ../clib/microlib/printf/printf.c         0x00000000   Number         0  printf0.o ABSOLUTE
    ../clib/microlib/printf/printf.c         0x00000000   Number         0  printfa.o ABSOLUTE
    ../clib/microlib/printf/printf.c         0x00000000   Number         0  printfb.o ABSOLUTE
    ../clib/microlib/printf/stubs.s          0x00000000   Number         0  stubs.o ABSOLUTE
    ../clib/microlib/stdio/streams.c         0x00000000   Number         0  stdout.o ABSOLUTE
    ../clib/microlib/string/memset.c         0x00000000   Number         0  memseta.o ABSOLUTE
    ../clib/microlib/stubs.s                 0x00000000   Number         0  iusefp.o ABSOLUTE
    ../fplib/microlib/d2f.c                  0x00000000   Number         0  d2f.o ABSOLUTE
    ../fplib/microlib/f2d.c                  0x00000000   Number         0  f2d.o ABSOLUTE
    ../fplib/microlib/fpadd.c                0x00000000   Number         0  dadd.o ABSOLUTE
    ../fplib/microlib/fpadd.c                0x00000000   Number         0  fadd.o ABSOLUTE
    ../fplib/microlib/fpdiv.c                0x00000000   Number         0  fdiv.o ABSOLUTE
    ../fplib/microlib/fpdiv.c                0x00000000   Number         0  ddiv.o ABSOLUTE
    ../fplib/microlib/fpepilogue.c           0x00000000   Number         0  depilogue.o ABSOLUTE
    ../fplib/microlib/fpepilogue.c           0x00000000   Number         0  fepilogue.o ABSOLUTE
    ../fplib/microlib/fpfix.c                0x00000000   Number         0  dfixul.o ABSOLUTE
    ../fplib/microlib/fpfix.c                0x00000000   Number         0  ffixui.o ABSOLUTE
    ../fplib/microlib/fpflt.c                0x00000000   Number         0  ffltui.o ABSOLUTE
    ../fplib/microlib/fpmul.c                0x00000000   Number         0  dmul.o ABSOLUTE
    ../fplib/microlib/fpmul.c                0x00000000   Number         0  fmul.o ABSOLUTE
    ..\Core\Src\adc.c                        0x00000000   Number         0  adc.o ABSOLUTE
    ..\Core\Src\dma.c                        0x00000000   Number         0  dma.o ABSOLUTE
    ..\Core\Src\gpio.c                       0x00000000   Number         0  gpio.o ABSOLUTE
    ..\Core\Src\i2c.c                        0x00000000   Number         0  i2c.o ABSOLUTE
    ..\Core\Src\main.c                       0x00000000   Number         0  main.o ABSOLUTE
    ..\Core\Src\stm32g0xx_hal_msp.c          0x00000000   Number         0  stm32g0xx_hal_msp.o ABSOLUTE
    ..\Core\Src\stm32g0xx_it.c               0x00000000   Number         0  stm32g0xx_it.o ABSOLUTE
    ..\Core\Src\system_stm32g0xx.c           0x00000000   Number         0  system_stm32g0xx.o ABSOLUTE
    ..\Core\Src\tim.c                        0x00000000   Number         0  tim.o ABSOLUTE
    ..\Core\Src\usart.c                      0x00000000   Number         0  usart.o ABSOLUTE
    ..\Drivers\STM32G0xx_HAL_Driver\Src\stm32g0xx_hal.c 0x00000000   Number         0  stm32g0xx_hal.o ABSOLUTE
    ..\Drivers\STM32G0xx_HAL_Driver\Src\stm32g0xx_hal_adc.c 0x00000000   Number         0  stm32g0xx_hal_adc.o ABSOLUTE
    ..\Drivers\STM32G0xx_HAL_Driver\Src\stm32g0xx_hal_adc_ex.c 0x00000000   Number         0  stm32g0xx_hal_adc_ex.o ABSOLUTE
    ..\Drivers\STM32G0xx_HAL_Driver\Src\stm32g0xx_hal_cortex.c 0x00000000   Number         0  stm32g0xx_hal_cortex.o ABSOLUTE
    ..\Drivers\STM32G0xx_HAL_Driver\Src\stm32g0xx_hal_dma.c 0x00000000   Number         0  stm32g0xx_hal_dma.o ABSOLUTE
    ..\Drivers\STM32G0xx_HAL_Driver\Src\stm32g0xx_hal_dma_ex.c 0x00000000   Number         0  stm32g0xx_hal_dma_ex.o ABSOLUTE
    ..\Drivers\STM32G0xx_HAL_Driver\Src\stm32g0xx_hal_exti.c 0x00000000   Number         0  stm32g0xx_hal_exti.o ABSOLUTE
    ..\Drivers\STM32G0xx_HAL_Driver\Src\stm32g0xx_hal_flash.c 0x00000000   Number         0  stm32g0xx_hal_flash.o ABSOLUTE
    ..\Drivers\STM32G0xx_HAL_Driver\Src\stm32g0xx_hal_flash_ex.c 0x00000000   Number         0  stm32g0xx_hal_flash_ex.o ABSOLUTE
    ..\Drivers\STM32G0xx_HAL_Driver\Src\stm32g0xx_hal_gpio.c 0x00000000   Number         0  stm32g0xx_hal_gpio.o ABSOLUTE
    ..\Drivers\STM32G0xx_HAL_Driver\Src\stm32g0xx_hal_i2c.c 0x00000000   Number         0  stm32g0xx_hal_i2c.o ABSOLUTE
    ..\Drivers\STM32G0xx_HAL_Driver\Src\stm32g0xx_hal_i2c_ex.c 0x00000000   Number         0  stm32g0xx_hal_i2c_ex.o ABSOLUTE
    ..\Drivers\STM32G0xx_HAL_Driver\Src\stm32g0xx_hal_pwr.c 0x00000000   Number         0  stm32g0xx_hal_pwr.o ABSOLUTE
    ..\Drivers\STM32G0xx_HAL_Driver\Src\stm32g0xx_hal_pwr_ex.c 0x00000000   Number         0  stm32g0xx_hal_pwr_ex.o ABSOLUTE
    ..\Drivers\STM32G0xx_HAL_Driver\Src\stm32g0xx_hal_rcc.c 0x00000000   Number         0  stm32g0xx_hal_rcc.o ABSOLUTE
    ..\Drivers\STM32G0xx_HAL_Driver\Src\stm32g0xx_hal_rcc_ex.c 0x00000000   Number         0  stm32g0xx_hal_rcc_ex.o ABSOLUTE
    ..\Drivers\STM32G0xx_HAL_Driver\Src\stm32g0xx_hal_tim.c 0x00000000   Number         0  stm32g0xx_hal_tim.o ABSOLUTE
    ..\Drivers\STM32G0xx_HAL_Driver\Src\stm32g0xx_hal_tim_ex.c 0x00000000   Number         0  stm32g0xx_hal_tim_ex.o ABSOLUTE
    ..\Drivers\STM32G0xx_HAL_Driver\Src\stm32g0xx_hal_uart.c 0x00000000   Number         0  stm32g0xx_hal_uart.o ABSOLUTE
    ..\Drivers\STM32G0xx_HAL_Driver\Src\stm32g0xx_hal_uart_ex.c 0x00000000   Number         0  stm32g0xx_hal_uart_ex.o ABSOLUTE
    ..\SMU\SMU.c                             0x00000000   Number         0  smu.o ABSOLUTE
    ..\\SMU\\SMU.c                           0x00000000   Number         0  smu.o ABSOLUTE
    cdcmple.s                                0x00000000   Number         0  cdcmple.o ABSOLUTE
    cdrcmple.s                               0x00000000   Number         0  cdrcmple.o ABSOLUTE
    dc.s                                     0x00000000   Number         0  dc.o ABSOLUTE
    handlers.s                               0x00000000   Number         0  handlers.o ABSOLUTE
    init.s                                   0x00000000   Number         0  init.o ABSOLUTE
    startup_stm32g030xx.s                    0x00000000   Number         0  startup_stm32g030xx.o ABSOLUTE
    RESET                                    0x08000000   Section      192  startup_stm32g030xx.o(RESET)
    .ARM.Collect$$$$00000000                 0x080000c0   Section        0  entry.o(.ARM.Collect$$$$00000000)
    .ARM.Collect$$$$00000001                 0x080000c0   Section        4  entry2.o(.ARM.Collect$$$$00000001)
    .ARM.Collect$$$$00000004                 0x080000c4   Section        4  entry5.o(.ARM.Collect$$$$00000004)
    .ARM.Collect$$$$00000008                 0x080000c8   Section        0  entry7b.o(.ARM.Collect$$$$00000008)
    .ARM.Collect$$$$0000000A                 0x080000c8   Section        0  entry8b.o(.ARM.Collect$$$$0000000A)
    .ARM.Collect$$$$0000000B                 0x080000c8   Section        8  entry9a.o(.ARM.Collect$$$$0000000B)
    .ARM.Collect$$$$0000000E                 0x080000d0   Section        4  entry12b.o(.ARM.Collect$$$$0000000E)
    .ARM.Collect$$$$0000000F                 0x080000d4   Section        0  entry10a.o(.ARM.Collect$$$$0000000F)
    .ARM.Collect$$$$00000011                 0x080000d4   Section        0  entry11a.o(.ARM.Collect$$$$00000011)
    .ARM.Collect$$$$00002712                 0x080000d4   Section        4  entry2.o(.ARM.Collect$$$$00002712)
    __lit__00000000                          0x080000d4   Data           4  entry2.o(.ARM.Collect$$$$00002712)
    .text                                    0x080000d8   Section       28  startup_stm32g030xx.o(.text)
    .text                                    0x080000f4   Section        0  uidiv.o(.text)
    .text                                    0x08000120   Section        0  idiv.o(.text)
    .text                                    0x08000148   Section        0  uldiv.o(.text)
    .text                                    0x080001a8   Section        0  memseta.o(.text)
    .text                                    0x080001cc   Section        0  fadd.o(.text)
    .text                                    0x0800027e   Section        0  fmul.o(.text)
    .text                                    0x080002f8   Section        0  fdiv.o(.text)
    .text                                    0x08000374   Section        0  dadd.o(.text)
    .text                                    0x080004dc   Section        0  ffltui.o(.text)
    .text                                    0x080004ea   Section        0  ffixui.o(.text)
    .text                                    0x08000512   Section        0  f2d.o(.text)
    .text                                    0x0800053c   Section       40  cdcmple.o(.text)
    .text                                    0x08000564   Section        0  d2f.o(.text)
    .text                                    0x0800059c   Section        0  llshl.o(.text)
    .text                                    0x080005bc   Section        0  llushr.o(.text)
    .text                                    0x080005de   Section        0  llsshr.o(.text)
    .text                                    0x08000604   Section        0  iusefp.o(.text)
    .text                                    0x08000604   Section        0  fepilogue.o(.text)
    .text                                    0x08000686   Section        0  depilogue.o(.text)
    .text                                    0x08000744   Section        0  dmul.o(.text)
    .text                                    0x08000814   Section        0  ddiv.o(.text)
    .text                                    0x08000904   Section        0  dfixul.o(.text)
    .text                                    0x08000944   Section       40  cdrcmple.o(.text)
    .text                                    0x0800096c   Section       36  init.o(.text)
    i.ADC1_IRQHandler                        0x08000990   Section        0  stm32g0xx_it.o(i.ADC1_IRQHandler)
    i.ADC_DMAConvCplt                        0x080009a0   Section        0  stm32g0xx_hal_adc.o(i.ADC_DMAConvCplt)
    ADC_DMAConvCplt                          0x080009a1   Thumb Code   144  stm32g0xx_hal_adc.o(i.ADC_DMAConvCplt)
    i.ADC_DMAError                           0x08000a30   Section        0  stm32g0xx_hal_adc.o(i.ADC_DMAError)
    ADC_DMAError                             0x08000a31   Thumb Code    30  stm32g0xx_hal_adc.o(i.ADC_DMAError)
    i.ADC_DMAHalfConvCplt                    0x08000a4e   Section        0  stm32g0xx_hal_adc.o(i.ADC_DMAHalfConvCplt)
    ADC_DMAHalfConvCplt                      0x08000a4f   Thumb Code    14  stm32g0xx_hal_adc.o(i.ADC_DMAHalfConvCplt)
    i.ADC_Disable                            0x08000a5c   Section        0  stm32g0xx_hal_adc.o(i.ADC_Disable)
    i.ADC_Enable                             0x08000ae8   Section        0  stm32g0xx_hal_adc.o(i.ADC_Enable)
    i.DMA1_Channel1_IRQHandler               0x08000bc0   Section        0  stm32g0xx_it.o(i.DMA1_Channel1_IRQHandler)
    i.DMA1_Channel2_3_IRQHandler             0x08000bd0   Section        0  stm32g0xx_it.o(i.DMA1_Channel2_3_IRQHandler)
    i.DMA_CalcDMAMUXChannelBaseAndMask       0x08000be8   Section        0  stm32g0xx_hal_dma.o(i.DMA_CalcDMAMUXChannelBaseAndMask)
    DMA_CalcDMAMUXChannelBaseAndMask         0x08000be9   Thumb Code    48  stm32g0xx_hal_dma.o(i.DMA_CalcDMAMUXChannelBaseAndMask)
    i.DMA_CalcDMAMUXRequestGenBaseAndMask    0x08000c1c   Section        0  stm32g0xx_hal_dma.o(i.DMA_CalcDMAMUXRequestGenBaseAndMask)
    DMA_CalcDMAMUXRequestGenBaseAndMask      0x08000c1d   Thumb Code    36  stm32g0xx_hal_dma.o(i.DMA_CalcDMAMUXRequestGenBaseAndMask)
    i.DMA_SetConfig                          0x08000c44   Section        0  stm32g0xx_hal_dma.o(i.DMA_SetConfig)
    DMA_SetConfig                            0x08000c45   Thumb Code    70  stm32g0xx_hal_dma.o(i.DMA_SetConfig)
    i.Error_Handler                          0x08000c90   Section        0  main.o(i.Error_Handler)
    i.HAL_ADCEx_Calibration_Start            0x08000c98   Section        0  stm32g0xx_hal_adc_ex.o(i.HAL_ADCEx_Calibration_Start)
    i.HAL_ADCEx_ChannelConfigReadyCallback   0x08000e44   Section        0  stm32g0xx_hal_adc_ex.o(i.HAL_ADCEx_ChannelConfigReadyCallback)
    i.HAL_ADCEx_EndOfSamplingCallback        0x08000e46   Section        0  stm32g0xx_hal_adc_ex.o(i.HAL_ADCEx_EndOfSamplingCallback)
    i.HAL_ADCEx_LevelOutOfWindow2Callback    0x08000e48   Section        0  stm32g0xx_hal_adc_ex.o(i.HAL_ADCEx_LevelOutOfWindow2Callback)
    i.HAL_ADCEx_LevelOutOfWindow3Callback    0x08000e4a   Section        0  stm32g0xx_hal_adc_ex.o(i.HAL_ADCEx_LevelOutOfWindow3Callback)
    i.HAL_ADC_ConfigChannel                  0x08000e4c   Section        0  stm32g0xx_hal_adc.o(i.HAL_ADC_ConfigChannel)
    i.HAL_ADC_ConvCpltCallback               0x080011b0   Section        0  adc.o(i.HAL_ADC_ConvCpltCallback)
    i.HAL_ADC_ConvHalfCpltCallback           0x080011bc   Section        0  stm32g0xx_hal_adc.o(i.HAL_ADC_ConvHalfCpltCallback)
    i.HAL_ADC_ErrorCallback                  0x080011be   Section        0  stm32g0xx_hal_adc.o(i.HAL_ADC_ErrorCallback)
    i.HAL_ADC_IRQHandler                     0x080011c0   Section        0  stm32g0xx_hal_adc.o(i.HAL_ADC_IRQHandler)
    i.HAL_ADC_Init                           0x08001368   Section        0  stm32g0xx_hal_adc.o(i.HAL_ADC_Init)
    i.HAL_ADC_LevelOutOfWindowCallback       0x08001600   Section        0  stm32g0xx_hal_adc.o(i.HAL_ADC_LevelOutOfWindowCallback)
    i.HAL_ADC_MspInit                        0x08001604   Section        0  adc.o(i.HAL_ADC_MspInit)
    i.HAL_ADC_Start_DMA                      0x080016f4   Section        0  stm32g0xx_hal_adc.o(i.HAL_ADC_Start_DMA)
    i.HAL_DMA_IRQHandler                     0x080017c0   Section        0  stm32g0xx_hal_dma.o(i.HAL_DMA_IRQHandler)
    i.HAL_DMA_Init                           0x080018e0   Section        0  stm32g0xx_hal_dma.o(i.HAL_DMA_Init)
    i.HAL_DMA_Start_IT                       0x080019a0   Section        0  stm32g0xx_hal_dma.o(i.HAL_DMA_Start_IT)
    i.HAL_Delay                              0x08001a6c   Section        0  stm32g0xx_hal.o(i.HAL_Delay)
    i.HAL_GPIO_Init                          0x08001a98   Section        0  stm32g0xx_hal_gpio.o(i.HAL_GPIO_Init)
    i.HAL_GetTick                            0x08001c70   Section        0  stm32g0xx_hal.o(i.HAL_GetTick)
    i.HAL_I2CEx_ConfigAnalogFilter           0x08001c7c   Section        0  stm32g0xx_hal_i2c_ex.o(i.HAL_I2CEx_ConfigAnalogFilter)
    i.HAL_I2CEx_ConfigDigitalFilter          0x08001cea   Section        0  stm32g0xx_hal_i2c_ex.o(i.HAL_I2CEx_ConfigDigitalFilter)
    i.HAL_I2C_Init                           0x08001d5c   Section        0  stm32g0xx_hal_i2c.o(i.HAL_I2C_Init)
    i.HAL_I2C_MspInit                        0x08001e48   Section        0  i2c.o(i.HAL_I2C_MspInit)
    i.HAL_IncTick                            0x08001ec4   Section        0  stm32g0xx_hal.o(i.HAL_IncTick)
    i.HAL_Init                               0x08001edc   Section        0  stm32g0xx_hal.o(i.HAL_Init)
    i.HAL_InitTick                           0x08001f08   Section        0  stm32g0xx_hal.o(i.HAL_InitTick)
    i.HAL_MspInit                            0x08001f68   Section        0  stm32g0xx_hal_msp.o(i.HAL_MspInit)
    i.HAL_NVIC_EnableIRQ                     0x08001fac   Section        0  stm32g0xx_hal_cortex.o(i.HAL_NVIC_EnableIRQ)
    i.HAL_NVIC_SetPriority                   0x08001fd0   Section        0  stm32g0xx_hal_cortex.o(i.HAL_NVIC_SetPriority)
    i.HAL_PWREx_ControlVoltageScaling        0x08001fe4   Section        0  stm32g0xx_hal_pwr_ex.o(i.HAL_PWREx_ControlVoltageScaling)
    i.HAL_RCCEx_PeriphCLKConfig              0x0800203c   Section        0  stm32g0xx_hal_rcc_ex.o(i.HAL_RCCEx_PeriphCLKConfig)
    i.HAL_RCC_ClockConfig                    0x08002224   Section        0  stm32g0xx_hal_rcc.o(i.HAL_RCC_ClockConfig)
    i.HAL_RCC_GetHCLKFreq                    0x080023f8   Section        0  stm32g0xx_hal_rcc.o(i.HAL_RCC_GetHCLKFreq)
    i.HAL_RCC_GetPCLK1Freq                   0x08002404   Section        0  stm32g0xx_hal_rcc.o(i.HAL_RCC_GetPCLK1Freq)
    i.HAL_RCC_GetSysClockFreq                0x0800242c   Section        0  stm32g0xx_hal_rcc.o(i.HAL_RCC_GetSysClockFreq)
    i.HAL_RCC_OscConfig                      0x08002510   Section        0  stm32g0xx_hal_rcc.o(i.HAL_RCC_OscConfig)
    i.HAL_SYSTICK_Config                     0x08002abc   Section        0  stm32g0xx_hal_cortex.o(i.HAL_SYSTICK_Config)
    i.HAL_TIMEx_Break2Callback               0x08002af4   Section        0  stm32g0xx_hal_tim_ex.o(i.HAL_TIMEx_Break2Callback)
    i.HAL_TIMEx_BreakCallback                0x08002af6   Section        0  stm32g0xx_hal_tim_ex.o(i.HAL_TIMEx_BreakCallback)
    i.HAL_TIMEx_CommutCallback               0x08002af8   Section        0  stm32g0xx_hal_tim_ex.o(i.HAL_TIMEx_CommutCallback)
    i.HAL_TIMEx_MasterConfigSynchronization  0x08002afc   Section        0  stm32g0xx_hal_tim_ex.o(i.HAL_TIMEx_MasterConfigSynchronization)
    i.HAL_TIM_Base_Init                      0x08002b88   Section        0  stm32g0xx_hal_tim.o(i.HAL_TIM_Base_Init)
    i.HAL_TIM_Base_MspInit                   0x08002bf4   Section        0  tim.o(i.HAL_TIM_Base_MspInit)
    i.HAL_TIM_Base_Start_IT                  0x08002c84   Section        0  stm32g0xx_hal_tim.o(i.HAL_TIM_Base_Start_IT)
    i.HAL_TIM_ConfigClockSource              0x08002cf0   Section        0  stm32g0xx_hal_tim.o(i.HAL_TIM_ConfigClockSource)
    i.HAL_TIM_IC_CaptureCallback             0x08002e08   Section        0  stm32g0xx_hal_tim.o(i.HAL_TIM_IC_CaptureCallback)
    i.HAL_TIM_IRQHandler                     0x08002e0c   Section        0  stm32g0xx_hal_tim.o(i.HAL_TIM_IRQHandler)
    i.HAL_TIM_OC_DelayElapsedCallback        0x08002fb0   Section        0  stm32g0xx_hal_tim.o(i.HAL_TIM_OC_DelayElapsedCallback)
    i.HAL_TIM_PWM_PulseFinishedCallback      0x08002fb2   Section        0  stm32g0xx_hal_tim.o(i.HAL_TIM_PWM_PulseFinishedCallback)
    i.HAL_TIM_PeriodElapsedCallback          0x08002fb4   Section        0  stm32g0xx_hal_tim.o(i.HAL_TIM_PeriodElapsedCallback)
    i.HAL_TIM_TriggerCallback                0x08002fb6   Section        0  stm32g0xx_hal_tim.o(i.HAL_TIM_TriggerCallback)
    i.HAL_UARTEx_DisableFifoMode             0x08002fb8   Section        0  stm32g0xx_hal_uart_ex.o(i.HAL_UARTEx_DisableFifoMode)
    i.HAL_UARTEx_SetRxFifoThreshold          0x0800300c   Section        0  stm32g0xx_hal_uart_ex.o(i.HAL_UARTEx_SetRxFifoThreshold)
    i.HAL_UARTEx_SetTxFifoThreshold          0x0800306c   Section        0  stm32g0xx_hal_uart_ex.o(i.HAL_UARTEx_SetTxFifoThreshold)
    i.HAL_UART_Init                          0x080030ca   Section        0  stm32g0xx_hal_uart.o(i.HAL_UART_Init)
    i.HAL_UART_MspInit                       0x0800314c   Section        0  usart.o(i.HAL_UART_MspInit)
    i.HAL_UART_Transmit                      0x080032d4   Section        0  stm32g0xx_hal_uart.o(i.HAL_UART_Transmit)
    i.HardFault_Handler                      0x080033c6   Section        0  stm32g0xx_it.o(i.HardFault_Handler)
    i.InitSMU                                0x080033cc   Section        0  smu.o(i.InitSMU)
    i.LL_ADC_Disable                         0x080036d0   Section        0  stm32g0xx_hal_adc.o(i.LL_ADC_Disable)
    LL_ADC_Disable                           0x080036d1   Thumb Code    12  stm32g0xx_hal_adc.o(i.LL_ADC_Disable)
    i.LL_ADC_Enable                          0x080036e0   Section        0  stm32g0xx_hal_adc.o(i.LL_ADC_Enable)
    LL_ADC_Enable                            0x080036e1   Thumb Code    12  stm32g0xx_hal_adc.o(i.LL_ADC_Enable)
    i.LL_ADC_GetCommonPathInternalCh         0x080036f0   Section        0  stm32g0xx_hal_adc.o(i.LL_ADC_GetCommonPathInternalCh)
    LL_ADC_GetCommonPathInternalCh           0x080036f1   Thumb Code    12  stm32g0xx_hal_adc.o(i.LL_ADC_GetCommonPathInternalCh)
    i.LL_ADC_IsDisableOngoing                0x080036fc   Section        0  stm32g0xx_hal_adc.o(i.LL_ADC_IsDisableOngoing)
    LL_ADC_IsDisableOngoing                  0x080036fd   Thumb Code    12  stm32g0xx_hal_adc.o(i.LL_ADC_IsDisableOngoing)
    i.LL_ADC_IsEnabled                       0x08003708   Section        0  stm32g0xx_hal_adc.o(i.LL_ADC_IsEnabled)
    LL_ADC_IsEnabled                         0x08003709   Thumb Code    16  stm32g0xx_hal_adc.o(i.LL_ADC_IsEnabled)
    i.LL_ADC_IsEnabled                       0x08003718   Section        0  stm32g0xx_hal_adc_ex.o(i.LL_ADC_IsEnabled)
    LL_ADC_IsEnabled                         0x08003719   Thumb Code    16  stm32g0xx_hal_adc_ex.o(i.LL_ADC_IsEnabled)
    i.LL_ADC_IsInternalRegulatorEnabled      0x08003728   Section        0  stm32g0xx_hal_adc.o(i.LL_ADC_IsInternalRegulatorEnabled)
    LL_ADC_IsInternalRegulatorEnabled        0x08003729   Thumb Code    14  stm32g0xx_hal_adc.o(i.LL_ADC_IsInternalRegulatorEnabled)
    i.LL_ADC_REG_IsConversionOngoing         0x08003736   Section        0  stm32g0xx_hal_adc.o(i.LL_ADC_REG_IsConversionOngoing)
    LL_ADC_REG_IsConversionOngoing           0x08003737   Thumb Code    12  stm32g0xx_hal_adc.o(i.LL_ADC_REG_IsConversionOngoing)
    i.LL_ADC_REG_IsTriggerSourceSWStart      0x08003742   Section        0  stm32g0xx_hal_adc.o(i.LL_ADC_REG_IsTriggerSourceSWStart)
    LL_ADC_REG_IsTriggerSourceSWStart        0x08003743   Thumb Code    22  stm32g0xx_hal_adc.o(i.LL_ADC_REG_IsTriggerSourceSWStart)
    i.LL_ADC_REG_StartConversion             0x08003758   Section        0  stm32g0xx_hal_adc.o(i.LL_ADC_REG_StartConversion)
    LL_ADC_REG_StartConversion               0x08003759   Thumb Code    12  stm32g0xx_hal_adc.o(i.LL_ADC_REG_StartConversion)
    i.LL_ADC_SetCommonPathInternalCh         0x08003768   Section        0  stm32g0xx_hal_adc.o(i.LL_ADC_SetCommonPathInternalCh)
    LL_ADC_SetCommonPathInternalCh           0x08003769   Thumb Code    14  stm32g0xx_hal_adc.o(i.LL_ADC_SetCommonPathInternalCh)
    i.LL_ADC_SetSamplingTimeCommonChannels   0x08003776   Section        0  stm32g0xx_hal_adc.o(i.LL_ADC_SetSamplingTimeCommonChannels)
    LL_ADC_SetSamplingTimeCommonChannels     0x08003777   Thumb Code    30  stm32g0xx_hal_adc.o(i.LL_ADC_SetSamplingTimeCommonChannels)
    i.MX_ADC1_Init                           0x08003794   Section        0  adc.o(i.MX_ADC1_Init)
    i.MX_DMA_Init                            0x08003848   Section        0  dma.o(i.MX_DMA_Init)
    i.MX_GPIO_Init                           0x0800388c   Section        0  gpio.o(i.MX_GPIO_Init)
    i.MX_I2C2_Init                           0x080038cc   Section        0  i2c.o(i.MX_I2C2_Init)
    i.MX_TIM1_Init                           0x08003928   Section        0  tim.o(i.MX_TIM1_Init)
    i.MX_TIM3_Init                           0x080039a8   Section        0  tim.o(i.MX_TIM3_Init)
    i.MX_USART1_UART_Init                    0x08003a1c   Section        0  usart.o(i.MX_USART1_UART_Init)
    i.MX_USART2_UART_Init                    0x08003a90   Section        0  usart.o(i.MX_USART2_UART_Init)
    i.NMI_Handler                            0x08003ad4   Section        0  stm32g0xx_it.o(i.NMI_Handler)
    i.PendSV_Handler                         0x08003ad8   Section        0  stm32g0xx_it.o(i.PendSV_Handler)
    i.SMU_OPEN_CALC                          0x08003adc   Section        0  smu.o(i.SMU_OPEN_CALC)
    i.SVC_Handler                            0x08003c6c   Section        0  stm32g0xx_it.o(i.SVC_Handler)
    i.SysTick_Handler                        0x08003c6e   Section        0  stm32g0xx_it.o(i.SysTick_Handler)
    i.SystemClock_Config                     0x08003c76   Section        0  main.o(i.SystemClock_Config)
    i.SystemInit                             0x08003cec   Section        0  system_stm32g0xx.o(i.SystemInit)
    i.TIM1_BRK_UP_TRG_COM_IRQHandler         0x08003cf0   Section        0  stm32g0xx_it.o(i.TIM1_BRK_UP_TRG_COM_IRQHandler)
    i.TIM1_CC_IRQHandler                     0x08003d00   Section        0  stm32g0xx_it.o(i.TIM1_CC_IRQHandler)
    i.TIM3_IRQHandler                        0x08003d10   Section        0  stm32g0xx_it.o(i.TIM3_IRQHandler)
    i.TIM_Base_SetConfig                     0x08003d20   Section        0  stm32g0xx_hal_tim.o(i.TIM_Base_SetConfig)
    i.TIM_ETR_SetConfig                      0x08003dc0   Section        0  stm32g0xx_hal_tim.o(i.TIM_ETR_SetConfig)
    i.TIM_ITRx_SetConfig                     0x08003ddc   Section        0  stm32g0xx_hal_tim.o(i.TIM_ITRx_SetConfig)
    TIM_ITRx_SetConfig                       0x08003ddd   Thumb Code    18  stm32g0xx_hal_tim.o(i.TIM_ITRx_SetConfig)
    i.TIM_TI1_ConfigInputStage               0x08003df4   Section        0  stm32g0xx_hal_tim.o(i.TIM_TI1_ConfigInputStage)
    TIM_TI1_ConfigInputStage                 0x08003df5   Thumb Code    50  stm32g0xx_hal_tim.o(i.TIM_TI1_ConfigInputStage)
    i.TIM_TI2_ConfigInputStage               0x08003e26   Section        0  stm32g0xx_hal_tim.o(i.TIM_TI2_ConfigInputStage)
    TIM_TI2_ConfigInputStage                 0x08003e27   Thumb Code    50  stm32g0xx_hal_tim.o(i.TIM_TI2_ConfigInputStage)
    i.UARTEx_SetNbDataToProcess              0x08003e58   Section        0  stm32g0xx_hal_uart_ex.o(i.UARTEx_SetNbDataToProcess)
    UARTEx_SetNbDataToProcess                0x08003e59   Thumb Code    94  stm32g0xx_hal_uart_ex.o(i.UARTEx_SetNbDataToProcess)
    i.UART_AdvFeatureConfig                  0x08003ec0   Section        0  stm32g0xx_hal_uart.o(i.UART_AdvFeatureConfig)
    i.UART_CheckIdleState                    0x08003fb0   Section        0  stm32g0xx_hal_uart.o(i.UART_CheckIdleState)
    i.UART_EndRxTransfer                     0x080040b4   Section        0  stm32g0xx_hal_uart.o(i.UART_EndRxTransfer)
    UART_EndRxTransfer                       0x080040b5   Thumb Code   128  stm32g0xx_hal_uart.o(i.UART_EndRxTransfer)
    i.UART_SetConfig                         0x08004138   Section        0  stm32g0xx_hal_uart.o(i.UART_SetConfig)
    i.UART_WaitOnFlagUntilTimeout            0x0800431c   Section        0  stm32g0xx_hal_uart.o(i.UART_WaitOnFlagUntilTimeout)
    i.__0printf                              0x080043d0   Section        0  printfa.o(i.__0printf)
    i.__ARM_clz                              0x080043f0   Section        0  depilogue.o(i.__ARM_clz)
    i.__NVIC_SetPriority                     0x08004420   Section        0  stm32g0xx_hal_cortex.o(i.__NVIC_SetPriority)
    __NVIC_SetPriority                       0x08004421   Thumb Code   110  stm32g0xx_hal_cortex.o(i.__NVIC_SetPriority)
    i.__get_PRIMASK                          0x08004498   Section        0  stm32g0xx_hal_uart.o(i.__get_PRIMASK)
    __get_PRIMASK                            0x08004499   Thumb Code     6  stm32g0xx_hal_uart.o(i.__get_PRIMASK)
    i.__scatterload_copy                     0x0800449e   Section       14  handlers.o(i.__scatterload_copy)
    i.__scatterload_null                     0x080044ac   Section        2  handlers.o(i.__scatterload_null)
    i.__scatterload_zeroinit                 0x080044ae   Section       14  handlers.o(i.__scatterload_zeroinit)
    i.__set_PRIMASK                          0x080044bc   Section        0  stm32g0xx_hal_uart.o(i.__set_PRIMASK)
    __set_PRIMASK                            0x080044bd   Thumb Code     6  stm32g0xx_hal_uart.o(i.__set_PRIMASK)
    i._fp_digits                             0x080044c4   Section        0  printfa.o(i._fp_digits)
    _fp_digits                               0x080044c5   Thumb Code   344  printfa.o(i._fp_digits)
    i._printf_core                           0x08004638   Section        0  printfa.o(i._printf_core)
    _printf_core                             0x08004639   Thumb Code  1760  printfa.o(i._printf_core)
    i._printf_post_padding                   0x08004d28   Section        0  printfa.o(i._printf_post_padding)
    _printf_post_padding                     0x08004d29   Thumb Code    32  printfa.o(i._printf_post_padding)
    i._printf_pre_padding                    0x08004d48   Section        0  printfa.o(i._printf_pre_padding)
    _printf_pre_padding                      0x08004d49   Thumb Code    44  printfa.o(i._printf_pre_padding)
    i.fputc                                  0x08004d74   Section        0  main.o(i.fputc)
    i.main                                   0x08004d90   Section        0  main.o(i.main)
    .constdata                               0x08004e80   Section       30  stm32g0xx_hal_uart.o(.constdata)
    CHANNEL_OFFSET_TAB                       0x08004e80   Data           5  stm32g0xx_hal_uart.o(.constdata)
    .constdata                               0x08004e9e   Section       21  stm32g0xx_hal_uart_ex.o(.constdata)
    CHANNEL_OFFSET_TAB                       0x08004e9e   Data           5  stm32g0xx_hal_uart_ex.o(.constdata)
    numerator                                0x08004ea3   Data           8  stm32g0xx_hal_uart_ex.o(.constdata)
    denominator                              0x08004eab   Data           8  stm32g0xx_hal_uart_ex.o(.constdata)
    .constdata                               0x08004eb4   Section      104  system_stm32g0xx.o(.constdata)
    CHANNEL_OFFSET_TAB                       0x08004eb4   Data           5  system_stm32g0xx.o(.constdata)
    .conststring                             0x08004f1c   Section      160  smu.o(.conststring)
    .data                                    0x20000000   Section        1  adc.o(.data)
    .data                                    0x20000004   Section        9  stm32g0xx_hal.o(.data)
    .data                                    0x20000010   Section        4  system_stm32g0xx.o(.data)
    .data                                    0x20000014   Section       14  smu.o(.data)
    .data                                    0x20000024   Section        4  stdout.o(.data)
    .bss                                     0x20000028   Section      192  adc.o(.bss)
    .bss                                     0x200000e8   Section       84  i2c.o(.bss)
    .bss                                     0x2000013c   Section      152  tim.o(.bss)
    .bss                                     0x200001d4   Section      480  usart.o(.bss)
    .bss                                     0x200003b4   Section     2048  smu.o(.bss)
    STACK                                    0x20000bb8   Section     4608  startup_stm32g030xx.o(STACK)

    Global Symbols

    Symbol Name                              Value     Ov Type        Size  Object(Section)

    BuildAttributes$$THM_ISAv3M$S$PE$A:L22$X:L11$S22$IEEE1$IW$USESV6$~STKCKD$USESV7$~SHL$OTIME$ROPI$EBA8$MICROLIB$REQ8$PRES8$EABIv2 0x00000000   Number         0  anon$$obj.o ABSOLUTE
    __ARM_use_no_argv                        0x00000000   Number         0  main.o ABSOLUTE
    _printf_a                                0x00000000   Number         0  stubs.o ABSOLUTE
    _printf_c                                0x00000000   Number         0  stubs.o ABSOLUTE
    _printf_charcount                        0x00000000   Number         0  stubs.o ABSOLUTE
    _printf_d                                0x00000000   Number         0  stubs.o ABSOLUTE
    _printf_e                                0x00000000   Number         0  stubs.o ABSOLUTE
    _printf_f                                0x00000000   Number         0  stubs.o ABSOLUTE
    _printf_flags                            0x00000000   Number         0  stubs.o ABSOLUTE
    _printf_fp_dec                           0x00000000   Number         0  stubs.o ABSOLUTE
    _printf_fp_hex                           0x00000000   Number         0  stubs.o ABSOLUTE
    _printf_g                                0x00000000   Number         0  stubs.o ABSOLUTE
    _printf_i                                0x00000000   Number         0  stubs.o ABSOLUTE
    _printf_int_dec                          0x00000000   Number         0  stubs.o ABSOLUTE
    _printf_l                                0x00000000   Number         0  stubs.o ABSOLUTE
    _printf_lc                               0x00000000   Number         0  stubs.o ABSOLUTE
    _printf_ll                               0x00000000   Number         0  stubs.o ABSOLUTE
    _printf_lld                              0x00000000   Number         0  stubs.o ABSOLUTE
    _printf_lli                              0x00000000   Number         0  stubs.o ABSOLUTE
    _printf_llo                              0x00000000   Number         0  stubs.o ABSOLUTE
    _printf_llu                              0x00000000   Number         0  stubs.o ABSOLUTE
    _printf_llx                              0x00000000   Number         0  stubs.o ABSOLUTE
    _printf_longlong_dec                     0x00000000   Number         0  stubs.o ABSOLUTE
    _printf_longlong_hex                     0x00000000   Number         0  stubs.o ABSOLUTE
    _printf_longlong_oct                     0x00000000   Number         0  stubs.o ABSOLUTE
    _printf_ls                               0x00000000   Number         0  stubs.o ABSOLUTE
    _printf_mbtowc                           0x00000000   Number         0  stubs.o ABSOLUTE
    _printf_n                                0x00000000   Number         0  stubs.o ABSOLUTE
    _printf_o                                0x00000000   Number         0  stubs.o ABSOLUTE
    _printf_p                                0x00000000   Number         0  stubs.o ABSOLUTE
    _printf_percent                          0x00000000   Number         0  stubs.o ABSOLUTE
    _printf_pre_padding                      0x00000000   Number         0  stubs.o ABSOLUTE
    _printf_return_value                     0x00000000   Number         0  stubs.o ABSOLUTE
    _printf_s                                0x00000000   Number         0  stubs.o ABSOLUTE
    _printf_sizespec                         0x00000000   Number         0  stubs.o ABSOLUTE
    _printf_str                              0x00000000   Number         0  stubs.o ABSOLUTE
    _printf_truncate_signed                  0x00000000   Number         0  stubs.o ABSOLUTE
    _printf_truncate_unsigned                0x00000000   Number         0  stubs.o ABSOLUTE
    _printf_u                                0x00000000   Number         0  stubs.o ABSOLUTE
    _printf_wc                               0x00000000   Number         0  stubs.o ABSOLUTE
    _printf_wctomb                           0x00000000   Number         0  stubs.o ABSOLUTE
    _printf_widthprec                        0x00000000   Number         0  stubs.o ABSOLUTE
    _printf_x                                0x00000000   Number         0  stubs.o ABSOLUTE
    __arm_fini_                               - Undefined Weak Reference
    __cpp_initialize__aeabi_                  - Undefined Weak Reference
    __cxa_finalize                            - Undefined Weak Reference
    __decompress                              - Undefined Weak Reference
    _clock_init                               - Undefined Weak Reference
    _microlib_exit                            - Undefined Weak Reference
    __Vectors_Size                           0x000000c0   Number         0  startup_stm32g030xx.o ABSOLUTE
    __Vectors                                0x08000000   Data           4  startup_stm32g030xx.o(RESET)
    __Vectors_End                            0x080000c0   Data           0  startup_stm32g030xx.o(RESET)
    __main                                   0x080000c1   Thumb Code     0  entry.o(.ARM.Collect$$$$00000000)
    _main_stk                                0x080000c1   Thumb Code     0  entry2.o(.ARM.Collect$$$$00000001)
    _main_scatterload                        0x080000c5   Thumb Code     0  entry5.o(.ARM.Collect$$$$00000004)
    __main_after_scatterload                 0x080000c9   Thumb Code     0  entry5.o(.ARM.Collect$$$$00000004)
    _main_clock                              0x080000c9   Thumb Code     0  entry7b.o(.ARM.Collect$$$$00000008)
    _main_cpp_init                           0x080000c9   Thumb Code     0  entry8b.o(.ARM.Collect$$$$0000000A)
    _main_init                               0x080000c9   Thumb Code     0  entry9a.o(.ARM.Collect$$$$0000000B)
    __rt_lib_shutdown_fini                   0x080000d1   Thumb Code     0  entry12b.o(.ARM.Collect$$$$0000000E)
    __rt_final_cpp                           0x080000d5   Thumb Code     0  entry10a.o(.ARM.Collect$$$$0000000F)
    __rt_final_exit                          0x080000d5   Thumb Code     0  entry11a.o(.ARM.Collect$$$$00000011)
    Reset_Handler                            0x080000d9   Thumb Code     8  startup_stm32g030xx.o(.text)
    DMA1_Ch4_5_DMAMUX1_OVR_IRQHandler        0x080000eb   Thumb Code     0  startup_stm32g030xx.o(.text)
    EXTI0_1_IRQHandler                       0x080000eb   Thumb Code     0  startup_stm32g030xx.o(.text)
    EXTI2_3_IRQHandler                       0x080000eb   Thumb Code     0  startup_stm32g030xx.o(.text)
    EXTI4_15_IRQHandler                      0x080000eb   Thumb Code     0  startup_stm32g030xx.o(.text)
    FLASH_IRQHandler                         0x080000eb   Thumb Code     0  startup_stm32g030xx.o(.text)
    I2C1_IRQHandler                          0x080000eb   Thumb Code     0  startup_stm32g030xx.o(.text)
    I2C2_IRQHandler                          0x080000eb   Thumb Code     0  startup_stm32g030xx.o(.text)
    RCC_IRQHandler                           0x080000eb   Thumb Code     0  startup_stm32g030xx.o(.text)
    RTC_TAMP_IRQHandler                      0x080000eb   Thumb Code     0  startup_stm32g030xx.o(.text)
    SPI1_IRQHandler                          0x080000eb   Thumb Code     0  startup_stm32g030xx.o(.text)
    SPI2_IRQHandler                          0x080000eb   Thumb Code     0  startup_stm32g030xx.o(.text)
    TIM14_IRQHandler                         0x080000eb   Thumb Code     0  startup_stm32g030xx.o(.text)
    TIM16_IRQHandler                         0x080000eb   Thumb Code     0  startup_stm32g030xx.o(.text)
    TIM17_IRQHandler                         0x080000eb   Thumb Code     0  startup_stm32g030xx.o(.text)
    USART1_IRQHandler                        0x080000eb   Thumb Code     0  startup_stm32g030xx.o(.text)
    USART2_IRQHandler                        0x080000eb   Thumb Code     0  startup_stm32g030xx.o(.text)
    WWDG_IRQHandler                          0x080000eb   Thumb Code     0  startup_stm32g030xx.o(.text)
    __aeabi_uidiv                            0x080000f5   Thumb Code     0  uidiv.o(.text)
    __aeabi_uidivmod                         0x080000f5   Thumb Code    44  uidiv.o(.text)
    __aeabi_idiv                             0x08000121   Thumb Code     0  idiv.o(.text)
    __aeabi_idivmod                          0x08000121   Thumb Code    40  idiv.o(.text)
    __aeabi_uldivmod                         0x08000149   Thumb Code    96  uldiv.o(.text)
    __aeabi_memset                           0x080001a9   Thumb Code    14  memseta.o(.text)
    __aeabi_memset4                          0x080001a9   Thumb Code     0  memseta.o(.text)
    __aeabi_memset8                          0x080001a9   Thumb Code     0  memseta.o(.text)
    __aeabi_memclr                           0x080001b7   Thumb Code     4  memseta.o(.text)
    __aeabi_memclr4                          0x080001b7   Thumb Code     0  memseta.o(.text)
    __aeabi_memclr8                          0x080001b7   Thumb Code     0  memseta.o(.text)
    _memset$wrapper                          0x080001bb   Thumb Code    18  memseta.o(.text)
    __aeabi_fadd                             0x080001cd   Thumb Code   162  fadd.o(.text)
    __aeabi_fsub                             0x0800026f   Thumb Code     8  fadd.o(.text)
    __aeabi_frsub                            0x08000277   Thumb Code     8  fadd.o(.text)
    __aeabi_fmul                             0x0800027f   Thumb Code   122  fmul.o(.text)
    __aeabi_fdiv                             0x080002f9   Thumb Code   124  fdiv.o(.text)
    __aeabi_dadd                             0x08000375   Thumb Code   330  dadd.o(.text)
    __aeabi_dsub                             0x080004bf   Thumb Code    12  dadd.o(.text)
    __aeabi_drsub                            0x080004cb   Thumb Code    12  dadd.o(.text)
    __aeabi_ui2f                             0x080004dd   Thumb Code    14  ffltui.o(.text)
    __aeabi_f2uiz                            0x080004eb   Thumb Code    40  ffixui.o(.text)
    __aeabi_f2d                              0x08000513   Thumb Code    40  f2d.o(.text)
    __aeabi_cdcmpeq                          0x0800053d   Thumb Code     0  cdcmple.o(.text)
    __aeabi_cdcmple                          0x0800053d   Thumb Code    38  cdcmple.o(.text)
    __aeabi_d2f                              0x08000565   Thumb Code    56  d2f.o(.text)
    __aeabi_llsl                             0x0800059d   Thumb Code    32  llshl.o(.text)
    _ll_shift_l                              0x0800059d   Thumb Code     0  llshl.o(.text)
    __aeabi_llsr                             0x080005bd   Thumb Code    34  llushr.o(.text)
    _ll_ushift_r                             0x080005bd   Thumb Code     0  llushr.o(.text)
    __aeabi_lasr                             0x080005df   Thumb Code    38  llsshr.o(.text)
    _ll_sshift_r                             0x080005df   Thumb Code     0  llsshr.o(.text)
    __I$use$fp                               0x08000605   Thumb Code     0  iusefp.o(.text)
    _float_round                             0x08000605   Thumb Code    16  fepilogue.o(.text)
    _float_epilogue                          0x08000615   Thumb Code   114  fepilogue.o(.text)
    _double_round                            0x08000687   Thumb Code    26  depilogue.o(.text)
    _double_epilogue                         0x080006a1   Thumb Code   164  depilogue.o(.text)
    __aeabi_dmul                             0x08000745   Thumb Code   202  dmul.o(.text)
    __aeabi_ddiv                             0x08000815   Thumb Code   234  ddiv.o(.text)
    __aeabi_d2ulz                            0x08000905   Thumb Code    54  dfixul.o(.text)
    __aeabi_cdrcmple                         0x08000945   Thumb Code    38  cdrcmple.o(.text)
    __scatterload                            0x0800096d   Thumb Code    28  init.o(.text)
    __scatterload_rt2                        0x0800096d   Thumb Code     0  init.o(.text)
    ADC1_IRQHandler                          0x08000991   Thumb Code    10  stm32g0xx_it.o(i.ADC1_IRQHandler)
    ADC_Disable                              0x08000a5d   Thumb Code   138  stm32g0xx_hal_adc.o(i.ADC_Disable)
    ADC_Enable                               0x08000ae9   Thumb Code   200  stm32g0xx_hal_adc.o(i.ADC_Enable)
    DMA1_Channel1_IRQHandler                 0x08000bc1   Thumb Code    10  stm32g0xx_it.o(i.DMA1_Channel1_IRQHandler)
    DMA1_Channel2_3_IRQHandler               0x08000bd1   Thumb Code    16  stm32g0xx_it.o(i.DMA1_Channel2_3_IRQHandler)
    Error_Handler                            0x08000c91   Thumb Code     6  main.o(i.Error_Handler)
    HAL_ADCEx_Calibration_Start              0x08000c99   Thumb Code   410  stm32g0xx_hal_adc_ex.o(i.HAL_ADCEx_Calibration_Start)
    HAL_ADCEx_ChannelConfigReadyCallback     0x08000e45   Thumb Code     2  stm32g0xx_hal_adc_ex.o(i.HAL_ADCEx_ChannelConfigReadyCallback)
    HAL_ADCEx_EndOfSamplingCallback          0x08000e47   Thumb Code     2  stm32g0xx_hal_adc_ex.o(i.HAL_ADCEx_EndOfSamplingCallback)
    HAL_ADCEx_LevelOutOfWindow2Callback      0x08000e49   Thumb Code     2  stm32g0xx_hal_adc_ex.o(i.HAL_ADCEx_LevelOutOfWindow2Callback)
    HAL_ADCEx_LevelOutOfWindow3Callback      0x08000e4b   Thumb Code     2  stm32g0xx_hal_adc_ex.o(i.HAL_ADCEx_LevelOutOfWindow3Callback)
    HAL_ADC_ConfigChannel                    0x08000e4d   Thumb Code   838  stm32g0xx_hal_adc.o(i.HAL_ADC_ConfigChannel)
    HAL_ADC_ConvCpltCallback                 0x080011b1   Thumb Code     8  adc.o(i.HAL_ADC_ConvCpltCallback)
    HAL_ADC_ConvHalfCpltCallback             0x080011bd   Thumb Code     2  stm32g0xx_hal_adc.o(i.HAL_ADC_ConvHalfCpltCallback)
    HAL_ADC_ErrorCallback                    0x080011bf   Thumb Code     2  stm32g0xx_hal_adc.o(i.HAL_ADC_ErrorCallback)
    HAL_ADC_IRQHandler                       0x080011c1   Thumb Code   424  stm32g0xx_hal_adc.o(i.HAL_ADC_IRQHandler)
    HAL_ADC_Init                             0x08001369   Thumb Code   634  stm32g0xx_hal_adc.o(i.HAL_ADC_Init)
    HAL_ADC_LevelOutOfWindowCallback         0x08001601   Thumb Code     2  stm32g0xx_hal_adc.o(i.HAL_ADC_LevelOutOfWindowCallback)
    HAL_ADC_MspInit                          0x08001605   Thumb Code   222  adc.o(i.HAL_ADC_MspInit)
    HAL_ADC_Start_DMA                        0x080016f5   Thumb Code   186  stm32g0xx_hal_adc.o(i.HAL_ADC_Start_DMA)
    HAL_DMA_IRQHandler                       0x080017c1   Thumb Code   282  stm32g0xx_hal_dma.o(i.HAL_DMA_IRQHandler)
    HAL_DMA_Init                             0x080018e1   Thumb Code   182  stm32g0xx_hal_dma.o(i.HAL_DMA_Init)
    HAL_DMA_Start_IT                         0x080019a1   Thumb Code   204  stm32g0xx_hal_dma.o(i.HAL_DMA_Start_IT)
    HAL_Delay                                0x08001a6d   Thumb Code    38  stm32g0xx_hal.o(i.HAL_Delay)
    HAL_GPIO_Init                            0x08001a99   Thumb Code   454  stm32g0xx_hal_gpio.o(i.HAL_GPIO_Init)
    HAL_GetTick                              0x08001c71   Thumb Code     6  stm32g0xx_hal.o(i.HAL_GetTick)
    HAL_I2CEx_ConfigAnalogFilter             0x08001c7d   Thumb Code   110  stm32g0xx_hal_i2c_ex.o(i.HAL_I2CEx_ConfigAnalogFilter)
    HAL_I2CEx_ConfigDigitalFilter            0x08001ceb   Thumb Code   112  stm32g0xx_hal_i2c_ex.o(i.HAL_I2CEx_ConfigDigitalFilter)
    HAL_I2C_Init                             0x08001d5d   Thumb Code   232  stm32g0xx_hal_i2c.o(i.HAL_I2C_Init)
    HAL_I2C_MspInit                          0x08001e49   Thumb Code   116  i2c.o(i.HAL_I2C_MspInit)
    HAL_IncTick                              0x08001ec5   Thumb Code    16  stm32g0xx_hal.o(i.HAL_IncTick)
    HAL_Init                                 0x08001edd   Thumb Code    40  stm32g0xx_hal.o(i.HAL_Init)
    HAL_InitTick                             0x08001f09   Thumb Code    82  stm32g0xx_hal.o(i.HAL_InitTick)
    HAL_MspInit                              0x08001f69   Thumb Code    64  stm32g0xx_hal_msp.o(i.HAL_MspInit)
    HAL_NVIC_EnableIRQ                       0x08001fad   Thumb Code    30  stm32g0xx_hal_cortex.o(i.HAL_NVIC_EnableIRQ)
    HAL_NVIC_SetPriority                     0x08001fd1   Thumb Code    18  stm32g0xx_hal_cortex.o(i.HAL_NVIC_SetPriority)
    HAL_PWREx_ControlVoltageScaling          0x08001fe5   Thumb Code    76  stm32g0xx_hal_pwr_ex.o(i.HAL_PWREx_ControlVoltageScaling)
    HAL_RCCEx_PeriphCLKConfig                0x0800203d   Thumb Code   474  stm32g0xx_hal_rcc_ex.o(i.HAL_RCCEx_PeriphCLKConfig)
    HAL_RCC_ClockConfig                      0x08002225   Thumb Code   442  stm32g0xx_hal_rcc.o(i.HAL_RCC_ClockConfig)
    HAL_RCC_GetHCLKFreq                      0x080023f9   Thumb Code     6  stm32g0xx_hal_rcc.o(i.HAL_RCC_GetHCLKFreq)
    HAL_RCC_GetPCLK1Freq                     0x08002405   Thumb Code    32  stm32g0xx_hal_rcc.o(i.HAL_RCC_GetPCLK1Freq)
    HAL_RCC_GetSysClockFreq                  0x0800242d   Thumb Code   216  stm32g0xx_hal_rcc.o(i.HAL_RCC_GetSysClockFreq)
    HAL_RCC_OscConfig                        0x08002511   Thumb Code  1434  stm32g0xx_hal_rcc.o(i.HAL_RCC_OscConfig)
    HAL_SYSTICK_Config                       0x08002abd   Thumb Code    46  stm32g0xx_hal_cortex.o(i.HAL_SYSTICK_Config)
    HAL_TIMEx_Break2Callback                 0x08002af5   Thumb Code     2  stm32g0xx_hal_tim_ex.o(i.HAL_TIMEx_Break2Callback)
    HAL_TIMEx_BreakCallback                  0x08002af7   Thumb Code     2  stm32g0xx_hal_tim_ex.o(i.HAL_TIMEx_BreakCallback)
    HAL_TIMEx_CommutCallback                 0x08002af9   Thumb Code     2  stm32g0xx_hal_tim_ex.o(i.HAL_TIMEx_CommutCallback)
    HAL_TIMEx_MasterConfigSynchronization    0x08002afd   Thumb Code   132  stm32g0xx_hal_tim_ex.o(i.HAL_TIMEx_MasterConfigSynchronization)
    HAL_TIM_Base_Init                        0x08002b89   Thumb Code   108  stm32g0xx_hal_tim.o(i.HAL_TIM_Base_Init)
    HAL_TIM_Base_MspInit                     0x08002bf5   Thumb Code   132  tim.o(i.HAL_TIM_Base_MspInit)
    HAL_TIM_Base_Start_IT                    0x08002c85   Thumb Code    96  stm32g0xx_hal_tim.o(i.HAL_TIM_Base_Start_IT)
    HAL_TIM_ConfigClockSource                0x08002cf1   Thumb Code   276  stm32g0xx_hal_tim.o(i.HAL_TIM_ConfigClockSource)
    HAL_TIM_IC_CaptureCallback               0x08002e09   Thumb Code     2  stm32g0xx_hal_tim.o(i.HAL_TIM_IC_CaptureCallback)
    HAL_TIM_IRQHandler                       0x08002e0d   Thumb Code   416  stm32g0xx_hal_tim.o(i.HAL_TIM_IRQHandler)
    HAL_TIM_OC_DelayElapsedCallback          0x08002fb1   Thumb Code     2  stm32g0xx_hal_tim.o(i.HAL_TIM_OC_DelayElapsedCallback)
    HAL_TIM_PWM_PulseFinishedCallback        0x08002fb3   Thumb Code     2  stm32g0xx_hal_tim.o(i.HAL_TIM_PWM_PulseFinishedCallback)
    HAL_TIM_PeriodElapsedCallback            0x08002fb5   Thumb Code     2  stm32g0xx_hal_tim.o(i.HAL_TIM_PeriodElapsedCallback)
    HAL_TIM_TriggerCallback                  0x08002fb7   Thumb Code     2  stm32g0xx_hal_tim.o(i.HAL_TIM_TriggerCallback)
    HAL_UARTEx_DisableFifoMode               0x08002fb9   Thumb Code    84  stm32g0xx_hal_uart_ex.o(i.HAL_UARTEx_DisableFifoMode)
    HAL_UARTEx_SetRxFifoThreshold            0x0800300d   Thumb Code    96  stm32g0xx_hal_uart_ex.o(i.HAL_UARTEx_SetRxFifoThreshold)
    HAL_UARTEx_SetTxFifoThreshold            0x0800306d   Thumb Code    94  stm32g0xx_hal_uart_ex.o(i.HAL_UARTEx_SetTxFifoThreshold)
    HAL_UART_Init                            0x080030cb   Thumb Code   130  stm32g0xx_hal_uart.o(i.HAL_UART_Init)
    HAL_UART_MspInit                         0x0800314d   Thumb Code   362  usart.o(i.HAL_UART_MspInit)
    HAL_UART_Transmit                        0x080032d5   Thumb Code   242  stm32g0xx_hal_uart.o(i.HAL_UART_Transmit)
    HardFault_Handler                        0x080033c7   Thumb Code     4  stm32g0xx_it.o(i.HardFault_Handler)
    InitSMU                                  0x080033cd   Thumb Code   388  smu.o(i.InitSMU)
    MX_ADC1_Init                             0x08003795   Thumb Code   164  adc.o(i.MX_ADC1_Init)
    MX_DMA_Init                              0x08003849   Thumb Code    64  dma.o(i.MX_DMA_Init)
    MX_GPIO_Init                             0x0800388d   Thumb Code    60  gpio.o(i.MX_GPIO_Init)
    MX_I2C2_Init                             0x080038cd   Thumb Code    80  i2c.o(i.MX_I2C2_Init)
    MX_TIM1_Init                             0x08003929   Thumb Code   118  tim.o(i.MX_TIM1_Init)
    MX_TIM3_Init                             0x080039a9   Thumb Code   108  tim.o(i.MX_TIM3_Init)
    MX_USART1_UART_Init                      0x08003a1d   Thumb Code   106  usart.o(i.MX_USART1_UART_Init)
    MX_USART2_UART_Init                      0x08003a91   Thumb Code    60  usart.o(i.MX_USART2_UART_Init)
    NMI_Handler                              0x08003ad5   Thumb Code     4  stm32g0xx_it.o(i.NMI_Handler)
    PendSV_Handler                           0x08003ad9   Thumb Code     2  stm32g0xx_it.o(i.PendSV_Handler)
    SMU_OPEN_CALC                            0x08003add   Thumb Code   350  smu.o(i.SMU_OPEN_CALC)
    SVC_Handler                              0x08003c6d   Thumb Code     2  stm32g0xx_it.o(i.SVC_Handler)
    SysTick_Handler                          0x08003c6f   Thumb Code     8  stm32g0xx_it.o(i.SysTick_Handler)
    SystemClock_Config                       0x08003c77   Thumb Code   118  main.o(i.SystemClock_Config)
    SystemInit                               0x08003ced   Thumb Code     2  system_stm32g0xx.o(i.SystemInit)
    TIM1_BRK_UP_TRG_COM_IRQHandler           0x08003cf1   Thumb Code    10  stm32g0xx_it.o(i.TIM1_BRK_UP_TRG_COM_IRQHandler)
    TIM1_CC_IRQHandler                       0x08003d01   Thumb Code    10  stm32g0xx_it.o(i.TIM1_CC_IRQHandler)
    TIM3_IRQHandler                          0x08003d11   Thumb Code    10  stm32g0xx_it.o(i.TIM3_IRQHandler)
    TIM_Base_SetConfig                       0x08003d21   Thumb Code   140  stm32g0xx_hal_tim.o(i.TIM_Base_SetConfig)
    TIM_ETR_SetConfig                        0x08003dc1   Thumb Code    28  stm32g0xx_hal_tim.o(i.TIM_ETR_SetConfig)
    UART_AdvFeatureConfig                    0x08003ec1   Thumb Code   240  stm32g0xx_hal_uart.o(i.UART_AdvFeatureConfig)
    UART_CheckIdleState                      0x08003fb1   Thumb Code   254  stm32g0xx_hal_uart.o(i.UART_CheckIdleState)
    UART_SetConfig                           0x08004139   Thumb Code   452  stm32g0xx_hal_uart.o(i.UART_SetConfig)
    UART_WaitOnFlagUntilTimeout              0x0800431d   Thumb Code   180  stm32g0xx_hal_uart.o(i.UART_WaitOnFlagUntilTimeout)
    __0printf                                0x080043d1   Thumb Code    24  printfa.o(i.__0printf)
    __1printf                                0x080043d1   Thumb Code     0  printfa.o(i.__0printf)
    __2printf                                0x080043d1   Thumb Code     0  printfa.o(i.__0printf)
    __c89printf                              0x080043d1   Thumb Code     0  printfa.o(i.__0printf)
    printf                                   0x080043d1   Thumb Code     0  printfa.o(i.__0printf)
    __ARM_clz                                0x080043f1   Thumb Code    46  depilogue.o(i.__ARM_clz)
    __scatterload_copy                       0x0800449f   Thumb Code    14  handlers.o(i.__scatterload_copy)
    __scatterload_null                       0x080044ad   Thumb Code     2  handlers.o(i.__scatterload_null)
    __scatterload_zeroinit                   0x080044af   Thumb Code    14  handlers.o(i.__scatterload_zeroinit)
    fputc                                    0x08004d75   Thumb Code    20  main.o(i.fputc)
    main                                     0x08004d91   Thumb Code   144  main.o(i.main)
    UARTPrescTable                           0x08004e86   Data          24  stm32g0xx_hal_uart.o(.constdata)
    AHBPrescTable                            0x08004ebc   Data          64  system_stm32g0xx.o(.constdata)
    APBPrescTable                            0x08004efc   Data          32  system_stm32g0xx.o(.constdata)
    Region$$Table$$Base                      0x08004fbc   Number         0  anon$$obj.o(Region$$Table)
    Region$$Table$$Limit                     0x08004fdc   Number         0  anon$$obj.o(Region$$Table)
    NewADC                                   0x20000000   Data           1  adc.o(.data)
    uwTick                                   0x20000004   Data           4  stm32g0xx_hal.o(.data)
    uwTickPrio                               0x20000008   Data           4  stm32g0xx_hal.o(.data)
    uwTickFreq                               0x2000000c   Data           1  stm32g0xx_hal.o(.data)
    SystemCoreClock                          0x20000010   Data           4  system_stm32g0xx.o(.data)
    ADC_Data                                 0x20000014   Data           4  smu.o(.data)
    ADC_DARK_u16                             0x20000018   Data           2  smu.o(.data)
    ADC_DARK_THRASH                          0x2000001a   Data           2  smu.o(.data)
    ADC_DARK_f                               0x2000001c   Data           4  smu.o(.data)
    ADC_LOG_COUNT                            0x20000020   Data           2  smu.o(.data)
    __stdout                                 0x20000024   Data           4  stdout.o(.data)
    hadc1                                    0x20000028   Data         100  adc.o(.bss)
    hdma_adc1                                0x2000008c   Data          92  adc.o(.bss)
    hi2c2                                    0x200000e8   Data          84  i2c.o(.bss)
    htim1                                    0x2000013c   Data          76  tim.o(.bss)
    htim3                                    0x20000188   Data          76  tim.o(.bss)
    huart1                                   0x200001d4   Data         148  usart.o(.bss)
    huart2                                   0x20000268   Data         148  usart.o(.bss)
    hdma_usart1_tx                           0x200002fc   Data          92  usart.o(.bss)
    hdma_usart2_tx                           0x20000358   Data          92  usart.o(.bss)
    ADC_LOG                                  0x200003b4   Data        2048  smu.o(.bss)
    __initial_sp                             0x20001db8   Data           0  startup_stm32g030xx.o(STACK)



==============================================================================

Memory Map of the image

  Image Entry point : 0x080000c1

  Load Region LR_IROM1 (Base: 0x08000000, Size: 0x00005004, Max: 0x00008000, ABSOLUTE)

    Execution Region ER_IROM1 (Exec base: 0x08000000, Load base: 0x08000000, Size: 0x00004fdc, Max: 0x00008000, ABSOLUTE)

    Exec Addr    Load Addr    Size         Type   Attr      Idx    E Section Name        Object

    0x08000000   0x08000000   0x000000c0   Data   RO            3    RESET               startup_stm32g030xx.o
    0x080000c0   0x080000c0   0x00000000   Code   RO         4205  * .ARM.Collect$$$$00000000  mc_p.l(entry.o)
    0x080000c0   0x080000c0   0x00000004   Code   RO         4495    .ARM.Collect$$$$00000001  mc_p.l(entry2.o)
    0x080000c4   0x080000c4   0x00000004   Code   RO         4498    .ARM.Collect$$$$00000004  mc_p.l(entry5.o)
    0x080000c8   0x080000c8   0x00000000   Code   RO         4500    .ARM.Collect$$$$00000008  mc_p.l(entry7b.o)
    0x080000c8   0x080000c8   0x00000000   Code   RO         4502    .ARM.Collect$$$$0000000A  mc_p.l(entry8b.o)
    0x080000c8   0x080000c8   0x00000008   Code   RO         4503    .ARM.Collect$$$$0000000B  mc_p.l(entry9a.o)
    0x080000d0   0x080000d0   0x00000004   Code   RO         4510    .ARM.Collect$$$$0000000E  mc_p.l(entry12b.o)
    0x080000d4   0x080000d4   0x00000000   Code   RO         4505    .ARM.Collect$$$$0000000F  mc_p.l(entry10a.o)
    0x080000d4   0x080000d4   0x00000000   Code   RO         4507    .ARM.Collect$$$$00000011  mc_p.l(entry11a.o)
    0x080000d4   0x080000d4   0x00000004   Code   RO         4496    .ARM.Collect$$$$00002712  mc_p.l(entry2.o)
    0x080000d8   0x080000d8   0x0000001c   Code   RO            4    .text               startup_stm32g030xx.o
    0x080000f4   0x080000f4   0x0000002c   Code   RO         4208    .text               mc_p.l(uidiv.o)
    0x08000120   0x08000120   0x00000028   Code   RO         4210    .text               mc_p.l(idiv.o)
    0x08000148   0x08000148   0x00000060   Code   RO         4212    .text               mc_p.l(uldiv.o)
    0x080001a8   0x080001a8   0x00000024   Code   RO         4214    .text               mc_p.l(memseta.o)
    0x080001cc   0x080001cc   0x000000b2   Code   RO         4477    .text               mf_p.l(fadd.o)
    0x0800027e   0x0800027e   0x0000007a   Code   RO         4479    .text               mf_p.l(fmul.o)
    0x080002f8   0x080002f8   0x0000007c   Code   RO         4481    .text               mf_p.l(fdiv.o)
    0x08000374   0x08000374   0x00000168   Code   RO         4483    .text               mf_p.l(dadd.o)
    0x080004dc   0x080004dc   0x0000000e   Code   RO         4485    .text               mf_p.l(ffltui.o)
    0x080004ea   0x080004ea   0x00000028   Code   RO         4487    .text               mf_p.l(ffixui.o)
    0x08000512   0x08000512   0x00000028   Code   RO         4489    .text               mf_p.l(f2d.o)
    0x0800053a   0x0800053a   0x00000002   PAD
    0x0800053c   0x0800053c   0x00000028   Code   RO         4491    .text               mf_p.l(cdcmple.o)
    0x08000564   0x08000564   0x00000038   Code   RO         4493    .text               mf_p.l(d2f.o)
    0x0800059c   0x0800059c   0x00000020   Code   RO         4512    .text               mc_p.l(llshl.o)
    0x080005bc   0x080005bc   0x00000022   Code   RO         4514    .text               mc_p.l(llushr.o)
    0x080005de   0x080005de   0x00000026   Code   RO         4516    .text               mc_p.l(llsshr.o)
    0x08000604   0x08000604   0x00000000   Code   RO         4518    .text               mc_p.l(iusefp.o)
    0x08000604   0x08000604   0x00000082   Code   RO         4519    .text               mf_p.l(fepilogue.o)
    0x08000686   0x08000686   0x000000be   Code   RO         4521    .text               mf_p.l(depilogue.o)
    0x08000744   0x08000744   0x000000d0   Code   RO         4525    .text               mf_p.l(dmul.o)
    0x08000814   0x08000814   0x000000f0   Code   RO         4527    .text               mf_p.l(ddiv.o)
    0x08000904   0x08000904   0x00000040   Code   RO         4529    .text               mf_p.l(dfixul.o)
    0x08000944   0x08000944   0x00000028   Code   RO         4531    .text               mf_p.l(cdrcmple.o)
    0x0800096c   0x0800096c   0x00000024   Code   RO         4533    .text               mc_p.l(init.o)
    0x08000990   0x08000990   0x00000010   Code   RO          423    i.ADC1_IRQHandler   stm32g0xx_it.o
    0x080009a0   0x080009a0   0x00000090   Code   RO          532    i.ADC_DMAConvCplt   stm32g0xx_hal_adc.o
    0x08000a30   0x08000a30   0x0000001e   Code   RO          533    i.ADC_DMAError      stm32g0xx_hal_adc.o
    0x08000a4e   0x08000a4e   0x0000000e   Code   RO          534    i.ADC_DMAHalfConvCplt  stm32g0xx_hal_adc.o
    0x08000a5c   0x08000a5c   0x0000008a   Code   RO          535    i.ADC_Disable       stm32g0xx_hal_adc.o
    0x08000ae6   0x08000ae6   0x00000002   PAD
    0x08000ae8   0x08000ae8   0x000000d8   Code   RO          536    i.ADC_Enable        stm32g0xx_hal_adc.o
    0x08000bc0   0x08000bc0   0x00000010   Code   RO          424    i.DMA1_Channel1_IRQHandler  stm32g0xx_it.o
    0x08000bd0   0x08000bd0   0x00000018   Code   RO          425    i.DMA1_Channel2_3_IRQHandler  stm32g0xx_it.o
    0x08000be8   0x08000be8   0x00000034   Code   RO         1284    i.DMA_CalcDMAMUXChannelBaseAndMask  stm32g0xx_hal_dma.o
    0x08000c1c   0x08000c1c   0x00000028   Code   RO         1285    i.DMA_CalcDMAMUXRequestGenBaseAndMask  stm32g0xx_hal_dma.o
    0x08000c44   0x08000c44   0x0000004c   Code   RO         1286    i.DMA_SetConfig     stm32g0xx_hal_dma.o
    0x08000c90   0x08000c90   0x00000006   Code   RO           12    i.Error_Handler     main.o
    0x08000c96   0x08000c96   0x00000002   PAD
    0x08000c98   0x08000c98   0x000001ac   Code   RO          777    i.HAL_ADCEx_Calibration_Start  stm32g0xx_hal_adc_ex.o
    0x08000e44   0x08000e44   0x00000002   Code   RO          778    i.HAL_ADCEx_ChannelConfigReadyCallback  stm32g0xx_hal_adc_ex.o
    0x08000e46   0x08000e46   0x00000002   Code   RO          780    i.HAL_ADCEx_EndOfSamplingCallback  stm32g0xx_hal_adc_ex.o
    0x08000e48   0x08000e48   0x00000002   Code   RO          781    i.HAL_ADCEx_LevelOutOfWindow2Callback  stm32g0xx_hal_adc_ex.o
    0x08000e4a   0x08000e4a   0x00000002   Code   RO          782    i.HAL_ADCEx_LevelOutOfWindow3Callback  stm32g0xx_hal_adc_ex.o
    0x08000e4c   0x08000e4c   0x00000364   Code   RO          538    i.HAL_ADC_ConfigChannel  stm32g0xx_hal_adc.o
    0x080011b0   0x080011b0   0x0000000c   Code   RO          226    i.HAL_ADC_ConvCpltCallback  adc.o
    0x080011bc   0x080011bc   0x00000002   Code   RO          540    i.HAL_ADC_ConvHalfCpltCallback  stm32g0xx_hal_adc.o
    0x080011be   0x080011be   0x00000002   Code   RO          542    i.HAL_ADC_ErrorCallback  stm32g0xx_hal_adc.o
    0x080011c0   0x080011c0   0x000001a8   Code   RO          546    i.HAL_ADC_IRQHandler  stm32g0xx_hal_adc.o
    0x08001368   0x08001368   0x00000298   Code   RO          547    i.HAL_ADC_Init      stm32g0xx_hal_adc.o
    0x08001600   0x08001600   0x00000002   Code   RO          548    i.HAL_ADC_LevelOutOfWindowCallback  stm32g0xx_hal_adc.o
    0x08001602   0x08001602   0x00000002   PAD
    0x08001604   0x08001604   0x000000f0   Code   RO          228    i.HAL_ADC_MspInit   adc.o
    0x080016f4   0x080016f4   0x000000cc   Code   RO          554    i.HAL_ADC_Start_DMA  stm32g0xx_hal_adc.o
    0x080017c0   0x080017c0   0x00000120   Code   RO         1292    i.HAL_DMA_IRQHandler  stm32g0xx_hal_dma.o
    0x080018e0   0x080018e0   0x000000c0   Code   RO         1293    i.HAL_DMA_Init      stm32g0xx_hal_dma.o
    0x080019a0   0x080019a0   0x000000cc   Code   RO         1297    i.HAL_DMA_Start_IT  stm32g0xx_hal_dma.o
    0x08001a6c   0x08001a6c   0x0000002c   Code   RO         1769    i.HAL_Delay         stm32g0xx_hal.o
    0x08001a98   0x08001a98   0x000001d8   Code   RO         1218    i.HAL_GPIO_Init     stm32g0xx_hal_gpio.o
    0x08001c70   0x08001c70   0x0000000c   Code   RO         1773    i.HAL_GetTick       stm32g0xx_hal.o
    0x08001c7c   0x08001c7c   0x0000006e   Code   RO         2499    i.HAL_I2CEx_ConfigAnalogFilter  stm32g0xx_hal_i2c_ex.o
    0x08001cea   0x08001cea   0x00000070   Code   RO         2500    i.HAL_I2CEx_ConfigDigitalFilter  stm32g0xx_hal_i2c_ex.o
    0x08001d5a   0x08001d5a   0x00000002   PAD
    0x08001d5c   0x08001d5c   0x000000ec   Code   RO         2040    i.HAL_I2C_Init      stm32g0xx_hal_i2c.o
    0x08001e48   0x08001e48   0x0000007c   Code   RO          295    i.HAL_I2C_MspInit   i2c.o
    0x08001ec4   0x08001ec4   0x00000018   Code   RO         1779    i.HAL_IncTick       stm32g0xx_hal.o
    0x08001edc   0x08001edc   0x0000002c   Code   RO         1780    i.HAL_Init          stm32g0xx_hal.o
    0x08001f08   0x08001f08   0x00000060   Code   RO         1781    i.HAL_InitTick      stm32g0xx_hal.o
    0x08001f68   0x08001f68   0x00000044   Code   RO          509    i.HAL_MspInit       stm32g0xx_hal_msp.o
    0x08001fac   0x08001fac   0x00000024   Code   RO         1645    i.HAL_NVIC_EnableIRQ  stm32g0xx_hal_cortex.o
    0x08001fd0   0x08001fd0   0x00000012   Code   RO         1649    i.HAL_NVIC_SetPriority  stm32g0xx_hal_cortex.o
    0x08001fe2   0x08001fe2   0x00000002   PAD
    0x08001fe4   0x08001fe4   0x00000058   Code   RO         1526    i.HAL_PWREx_ControlVoltageScaling  stm32g0xx_hal_pwr_ex.o
    0x0800203c   0x0800203c   0x000001e8   Code   RO          969    i.HAL_RCCEx_PeriphCLKConfig  stm32g0xx_hal_rcc_ex.o
    0x08002224   0x08002224   0x000001d4   Code   RO          851    i.HAL_RCC_ClockConfig  stm32g0xx_hal_rcc.o
    0x080023f8   0x080023f8   0x0000000c   Code   RO          857    i.HAL_RCC_GetHCLKFreq  stm32g0xx_hal_rcc.o
    0x08002404   0x08002404   0x00000028   Code   RO          859    i.HAL_RCC_GetPCLK1Freq  stm32g0xx_hal_rcc.o
    0x0800242c   0x0800242c   0x000000e4   Code   RO          861    i.HAL_RCC_GetSysClockFreq  stm32g0xx_hal_rcc.o
    0x08002510   0x08002510   0x000005ac   Code   RO          865    i.HAL_RCC_OscConfig  stm32g0xx_hal_rcc.o
    0x08002abc   0x08002abc   0x00000038   Code   RO         1653    i.HAL_SYSTICK_Config  stm32g0xx_hal_cortex.o
    0x08002af4   0x08002af4   0x00000002   Code   RO         3276    i.HAL_TIMEx_Break2Callback  stm32g0xx_hal_tim_ex.o
    0x08002af6   0x08002af6   0x00000002   Code   RO         3277    i.HAL_TIMEx_BreakCallback  stm32g0xx_hal_tim_ex.o
    0x08002af8   0x08002af8   0x00000002   Code   RO         3278    i.HAL_TIMEx_CommutCallback  stm32g0xx_hal_tim_ex.o
    0x08002afa   0x08002afa   0x00000002   PAD
    0x08002afc   0x08002afc   0x0000008c   Code   RO         3299    i.HAL_TIMEx_MasterConfigSynchronization  stm32g0xx_hal_tim_ex.o
    0x08002b88   0x08002b88   0x0000006c   Code   RO         2553    i.HAL_TIM_Base_Init  stm32g0xx_hal_tim.o
    0x08002bf4   0x08002bf4   0x00000090   Code   RO          334    i.HAL_TIM_Base_MspInit  tim.o
    0x08002c84   0x08002c84   0x0000006c   Code   RO         2558    i.HAL_TIM_Base_Start_IT  stm32g0xx_hal_tim.o
    0x08002cf0   0x08002cf0   0x00000118   Code   RO         2562    i.HAL_TIM_ConfigClockSource  stm32g0xx_hal_tim.o
    0x08002e08   0x08002e08   0x00000002   Code   RO         2587    i.HAL_TIM_IC_CaptureCallback  stm32g0xx_hal_tim.o
    0x08002e0a   0x08002e0a   0x00000002   PAD
    0x08002e0c   0x08002e0c   0x000001a4   Code   RO         2601    i.HAL_TIM_IRQHandler  stm32g0xx_hal_tim.o
    0x08002fb0   0x08002fb0   0x00000002   Code   RO         2604    i.HAL_TIM_OC_DelayElapsedCallback  stm32g0xx_hal_tim.o
    0x08002fb2   0x08002fb2   0x00000002   Code   RO         2631    i.HAL_TIM_PWM_PulseFinishedCallback  stm32g0xx_hal_tim.o
    0x08002fb4   0x08002fb4   0x00000002   Code   RO         2639    i.HAL_TIM_PeriodElapsedCallback  stm32g0xx_hal_tim.o
    0x08002fb6   0x08002fb6   0x00000002   Code   RO         2644    i.HAL_TIM_TriggerCallback  stm32g0xx_hal_tim.o
    0x08002fb8   0x08002fb8   0x00000054   Code   RO         4008    i.HAL_UARTEx_DisableFifoMode  stm32g0xx_hal_uart_ex.o
    0x0800300c   0x0800300c   0x00000060   Code   RO         4017    i.HAL_UARTEx_SetRxFifoThreshold  stm32g0xx_hal_uart_ex.o
    0x0800306c   0x0800306c   0x0000005e   Code   RO         4018    i.HAL_UARTEx_SetTxFifoThreshold  stm32g0xx_hal_uart_ex.o
    0x080030ca   0x080030ca   0x00000082   Code   RO         3606    i.HAL_UART_Init     stm32g0xx_hal_uart.o
    0x0800314c   0x0800314c   0x00000188   Code   RO          379    i.HAL_UART_MspInit  usart.o
    0x080032d4   0x080032d4   0x000000f2   Code   RO         3615    i.HAL_UART_Transmit  stm32g0xx_hal_uart.o
    0x080033c6   0x080033c6   0x00000004   Code   RO          426    i.HardFault_Handler  stm32g0xx_it.o
    0x080033ca   0x080033ca   0x00000002   PAD
    0x080033cc   0x080033cc   0x00000304   Code   RO         4171    i.InitSMU           smu.o
    0x080036d0   0x080036d0   0x00000010   Code   RO          559    i.LL_ADC_Disable    stm32g0xx_hal_adc.o
    0x080036e0   0x080036e0   0x00000010   Code   RO          560    i.LL_ADC_Enable     stm32g0xx_hal_adc.o
    0x080036f0   0x080036f0   0x0000000c   Code   RO          561    i.LL_ADC_GetCommonPathInternalCh  stm32g0xx_hal_adc.o
    0x080036fc   0x080036fc   0x0000000c   Code   RO          562    i.LL_ADC_IsDisableOngoing  stm32g0xx_hal_adc.o
    0x08003708   0x08003708   0x00000010   Code   RO          563    i.LL_ADC_IsEnabled  stm32g0xx_hal_adc.o
    0x08003718   0x08003718   0x00000010   Code   RO          783    i.LL_ADC_IsEnabled  stm32g0xx_hal_adc_ex.o
    0x08003728   0x08003728   0x0000000e   Code   RO          564    i.LL_ADC_IsInternalRegulatorEnabled  stm32g0xx_hal_adc.o
    0x08003736   0x08003736   0x0000000c   Code   RO          565    i.LL_ADC_REG_IsConversionOngoing  stm32g0xx_hal_adc.o
    0x08003742   0x08003742   0x00000016   Code   RO          566    i.LL_ADC_REG_IsTriggerSourceSWStart  stm32g0xx_hal_adc.o
    0x08003758   0x08003758   0x00000010   Code   RO          567    i.LL_ADC_REG_StartConversion  stm32g0xx_hal_adc.o
    0x08003768   0x08003768   0x0000000e   Code   RO          569    i.LL_ADC_SetCommonPathInternalCh  stm32g0xx_hal_adc.o
    0x08003776   0x08003776   0x0000001e   Code   RO          570    i.LL_ADC_SetSamplingTimeCommonChannels  stm32g0xx_hal_adc.o
    0x08003794   0x08003794   0x000000b4   Code   RO          229    i.MX_ADC1_Init      adc.o
    0x08003848   0x08003848   0x00000044   Code   RO          272    i.MX_DMA_Init       dma.o
    0x0800388c   0x0800388c   0x00000040   Code   RO          204    i.MX_GPIO_Init      gpio.o
    0x080038cc   0x080038cc   0x0000005c   Code   RO          296    i.MX_I2C2_Init      i2c.o
    0x08003928   0x08003928   0x00000080   Code   RO          335    i.MX_TIM1_Init      tim.o
    0x080039a8   0x080039a8   0x00000074   Code   RO          336    i.MX_TIM3_Init      tim.o
    0x08003a1c   0x08003a1c   0x00000074   Code   RO          380    i.MX_USART1_UART_Init  usart.o
    0x08003a90   0x08003a90   0x00000044   Code   RO          381    i.MX_USART2_UART_Init  usart.o
    0x08003ad4   0x08003ad4   0x00000004   Code   RO          427    i.NMI_Handler       stm32g0xx_it.o
    0x08003ad8   0x08003ad8   0x00000002   Code   RO          428    i.PendSV_Handler    stm32g0xx_it.o
    0x08003ada   0x08003ada   0x00000002   PAD
    0x08003adc   0x08003adc   0x00000190   Code   RO         4172    i.SMU_OPEN_CALC     smu.o
    0x08003c6c   0x08003c6c   0x00000002   Code   RO          429    i.SVC_Handler       stm32g0xx_it.o
    0x08003c6e   0x08003c6e   0x00000008   Code   RO          430    i.SysTick_Handler   stm32g0xx_it.o
    0x08003c76   0x08003c76   0x00000076   Code   RO           13    i.SystemClock_Config  main.o
    0x08003cec   0x08003cec   0x00000002   Code   RO         4139    i.SystemInit        system_stm32g0xx.o
    0x08003cee   0x08003cee   0x00000002   PAD
    0x08003cf0   0x08003cf0   0x00000010   Code   RO          431    i.TIM1_BRK_UP_TRG_COM_IRQHandler  stm32g0xx_it.o
    0x08003d00   0x08003d00   0x00000010   Code   RO          432    i.TIM1_CC_IRQHandler  stm32g0xx_it.o
    0x08003d10   0x08003d10   0x00000010   Code   RO          433    i.TIM3_IRQHandler   stm32g0xx_it.o
    0x08003d20   0x08003d20   0x000000a0   Code   RO         2646    i.TIM_Base_SetConfig  stm32g0xx_hal_tim.o
    0x08003dc0   0x08003dc0   0x0000001c   Code   RO         2657    i.TIM_ETR_SetConfig  stm32g0xx_hal_tim.o
    0x08003ddc   0x08003ddc   0x00000018   Code   RO         2658    i.TIM_ITRx_SetConfig  stm32g0xx_hal_tim.o
    0x08003df4   0x08003df4   0x00000032   Code   RO         2666    i.TIM_TI1_ConfigInputStage  stm32g0xx_hal_tim.o
    0x08003e26   0x08003e26   0x00000032   Code   RO         2668    i.TIM_TI2_ConfigInputStage  stm32g0xx_hal_tim.o
    0x08003e58   0x08003e58   0x00000068   Code   RO         4022    i.UARTEx_SetNbDataToProcess  stm32g0xx_hal_uart_ex.o
    0x08003ec0   0x08003ec0   0x000000f0   Code   RO         3620    i.UART_AdvFeatureConfig  stm32g0xx_hal_uart.o
    0x08003fb0   0x08003fb0   0x00000104   Code   RO         3621    i.UART_CheckIdleState  stm32g0xx_hal_uart.o
    0x080040b4   0x080040b4   0x00000084   Code   RO         3632    i.UART_EndRxTransfer  stm32g0xx_hal_uart.o
    0x08004138   0x08004138   0x000001e4   Code   RO         3639    i.UART_SetConfig    stm32g0xx_hal_uart.o
    0x0800431c   0x0800431c   0x000000b4   Code   RO         3646    i.UART_WaitOnFlagUntilTimeout  stm32g0xx_hal_uart.o
    0x080043d0   0x080043d0   0x00000020   Code   RO         4449    i.__0printf         mc_p.l(printfa.o)
    0x080043f0   0x080043f0   0x0000002e   Code   RO         4523    i.__ARM_clz         mf_p.l(depilogue.o)
    0x0800441e   0x0800441e   0x00000002   PAD
    0x08004420   0x08004420   0x00000078   Code   RO         1655    i.__NVIC_SetPriority  stm32g0xx_hal_cortex.o
    0x08004498   0x08004498   0x00000006   Code   RO         3647    i.__get_PRIMASK     stm32g0xx_hal_uart.o
    0x0800449e   0x0800449e   0x0000000e   Code   RO         4537    i.__scatterload_copy  mc_p.l(handlers.o)
    0x080044ac   0x080044ac   0x00000002   Code   RO         4538    i.__scatterload_null  mc_p.l(handlers.o)
    0x080044ae   0x080044ae   0x0000000e   Code   RO         4539    i.__scatterload_zeroinit  mc_p.l(handlers.o)
    0x080044bc   0x080044bc   0x00000006   Code   RO         3648    i.__set_PRIMASK     stm32g0xx_hal_uart.o
    0x080044c2   0x080044c2   0x00000002   PAD
    0x080044c4   0x080044c4   0x00000174   Code   RO         4456    i._fp_digits        mc_p.l(printfa.o)
    0x08004638   0x08004638   0x000006f0   Code   RO         4457    i._printf_core      mc_p.l(printfa.o)
    0x08004d28   0x08004d28   0x00000020   Code   RO         4458    i._printf_post_padding  mc_p.l(printfa.o)
    0x08004d48   0x08004d48   0x0000002c   Code   RO         4459    i._printf_pre_padding  mc_p.l(printfa.o)
    0x08004d74   0x08004d74   0x0000001c   Code   RO           14    i.fputc             main.o
    0x08004d90   0x08004d90   0x000000f0   Code   RO           15    i.main              main.o
    0x08004e80   0x08004e80   0x0000001e   Data   RO         3649    .constdata          stm32g0xx_hal_uart.o
    0x08004e9e   0x08004e9e   0x00000015   Data   RO         4026    .constdata          stm32g0xx_hal_uart_ex.o
    0x08004eb3   0x08004eb3   0x00000001   PAD
    0x08004eb4   0x08004eb4   0x00000068   Data   RO         4140    .constdata          system_stm32g0xx.o
    0x08004f1c   0x08004f1c   0x000000a0   Data   RO         4175    .conststring        smu.o
    0x08004fbc   0x08004fbc   0x00000020   Data   RO         4535    Region$$Table       anon$$obj.o


    Execution Region RW_IRAM1 (Exec base: 0x20000000, Load base: 0x08004fdc, Size: 0x00001db8, Max: 0x00002000, ABSOLUTE)

    Exec Addr    Load Addr    Size         Type   Attr      Idx    E Section Name        Object

    0x20000000   0x08004fdc   0x00000001   Data   RW          232    .data               adc.o
    0x20000001   0x08004fdd   0x00000003   PAD
    0x20000004   0x08004fe0   0x00000009   Data   RW         1794    .data               stm32g0xx_hal.o
    0x2000000d   0x08004fe9   0x00000003   PAD
    0x20000010   0x08004fec   0x00000004   Data   RW         4141    .data               system_stm32g0xx.o
    0x20000014   0x08004ff0   0x0000000e   Data   RW         4176    .data               smu.o
    0x20000022   0x08004ffe   0x00000002   PAD
    0x20000024   0x08005000   0x00000004   Data   RW         4511    .data               mc_p.l(stdout.o)
    0x20000028        -       0x000000c0   Zero   RW          230    .bss                adc.o
    0x200000e8        -       0x00000054   Zero   RW          297    .bss                i2c.o
    0x2000013c        -       0x00000098   Zero   RW          337    .bss                tim.o
    0x200001d4        -       0x000001e0   Zero   RW          382    .bss                usart.o
    0x200003b4        -       0x00000800   Zero   RW         4173    .bss                smu.o
    0x20000bb4   0x08005004   0x00000004   PAD
    0x20000bb8        -       0x00001200   Zero   RW            1    STACK               startup_stm32g030xx.o


==============================================================================

Image component sizes


      Code (inc. data)   RO Data    RW Data    ZI Data      Debug   Object Name

       432         38          0          1        192       2449   adc.o
        68          4          0          0          0        766   dma.o
        64          4          0          0          0        795   gpio.o
       216         20          0          0         84       1701   i2c.o
       392        104          0          0          0     427459   main.o
      1172        434        160         14       2048       2452   smu.o
        28          8        192          0       4608        640   startup_stm32g030xx.o
       220         38          0          9          0      16149   stm32g0xx_hal.o
      2888        106          0          0          0      48141   stm32g0xx_hal_adc.o
       452         18          0          0          0      36915   stm32g0xx_hal_adc_ex.o
       230         26          0          0          0      12197   stm32g0xx_hal_cortex.o
       852         30          0          0          0       4663   stm32g0xx_hal_dma.o
         0          0          0          0          0       2728   stm32g0xx_hal_flash.o
       472         18          0          0          0       1368   stm32g0xx_hal_gpio.o
       236          4          0          0          0       2771   stm32g0xx_hal_i2c.o
       222          0          0          0          0       1927   stm32g0xx_hal_i2c_ex.o
        68          4          0          0          0        846   stm32g0xx_hal_msp.o
        88         12          0          0          0        754   stm32g0xx_hal_pwr_ex.o
      2200         96          0          0          0      20777   stm32g0xx_hal_rcc.o
       488         14          0          0          0       1608   stm32g0xx_hal_rcc_ex.o
      1238         46          0          0          0      10067   stm32g0xx_hal_tim.o
       146          8          0          0          0       3052   stm32g0xx_hal_tim_ex.o
      1680         42         30          0          0      27010   stm32g0xx_hal_uart.o
       378         10         21          0          0       3865   stm32g0xx_hal_uart_ex.o
       124         38          0          0          0       5053   stm32g0xx_it.o
         2          0        104          4          0       1179   system_stm32g0xx.o
       388         30          0          0        152       2411   tim.o
       576         48          0          0        480       2613   usart.o

    ----------------------------------------------------------------------
     15342       1200        540         36       7568     642356   Object Totals
         0          0         32          0          0          0   (incl. Generated)
        22          0          1          8          4          0   (incl. Padding)

    ----------------------------------------------------------------------

      Code (inc. data)   RO Data    RW Data    ZI Data      Debug   Library Member Name

         0          0          0          0          0          0   entry.o
         0          0          0          0          0          0   entry10a.o
         0          0          0          0          0          0   entry11a.o
         4          0          0          0          0          0   entry12b.o
         8          4          0          0          0          0   entry2.o
         4          0          0          0          0          0   entry5.o
         0          0          0          0          0          0   entry7b.o
         0          0          0          0          0          0   entry8b.o
         8          4          0          0          0          0   entry9a.o
        30          0          0          0          0          0   handlers.o
        40          0          0          0          0         72   idiv.o
        36          8          0          0          0         68   init.o
         0          0          0          0          0          0   iusefp.o
        32          0          0          0          0         68   llshl.o
        38          0          0          0          0         68   llsshr.o
        34          0          0          0          0         68   llushr.o
        36          0          0          0          0        100   memseta.o
      2256         98          0          0          0        412   printfa.o
         0          0          0          4          0          0   stdout.o
        44          0          0          0          0         72   uidiv.o
        96          0          0          0          0         84   uldiv.o
        40          2          0          0          0         68   cdcmple.o
        40          2          0          0          0         68   cdrcmple.o
        56          0          0          0          0         68   d2f.o
       360          6          0          0          0        140   dadd.o
       240          6          0          0          0         84   ddiv.o
       236          0          0          0          0        216   depilogue.o
        64         10          0          0          0         68   dfixul.o
       208          6          0          0          0         88   dmul.o
        40          0          0          0          0         60   f2d.o
       178          0          0          0          0        108   fadd.o
       124          0          0          0          0         72   fdiv.o
       130          0          0          0          0        144   fepilogue.o
        40          0          0          0          0         60   ffixui.o
        14          0          0          0          0         68   ffltui.o
       122          0          0          0          0         72   fmul.o

    ----------------------------------------------------------------------
      4562        146          0          4          0       2396   Library Totals
         4          0          0          0          0          0   (incl. Padding)

    ----------------------------------------------------------------------

      Code (inc. data)   RO Data    RW Data    ZI Data      Debug   Library Name

      2666        114          0          4          0       1012   mc_p.l
      1892         32          0          0          0       1384   mf_p.l

    ----------------------------------------------------------------------
      4562        146          0          4          0       2396   Library Totals

    ----------------------------------------------------------------------

==============================================================================


      Code (inc. data)   RO Data    RW Data    ZI Data      Debug   

     19904       1346        540         40       7568     638728   Grand Totals
     19904       1346        540         40       7568     638728   ELF Image Totals
     19904       1346        540         40          0          0   ROM Totals

==============================================================================

    Total RO  Size (Code + RO Data)                20444 (  19.96kB)
    Total RW  Size (RW Data + ZI Data)              7608 (   7.43kB)
    Total ROM Size (Code + RO Data + RW Data)      20484 (  20.00kB)

==============================================================================

